(0) logp= -5.988469e+03
(1) logp= -5.692932e+03
(2) logp= -5.671012e+03
(3) logp= -5.658893e+03
(4) logp= -5.651877e+03
(5) logp= -5.644239e+03
(6) logp= -5.636540e+03
(7) logp= -5.630182e+03
(8) logp= -5.624433e+03
(9) logp= -5.621173e+03
(10) logp= -5.619228e+03
(11) logp= -5.618129e+03
(12) logp= -5.617384e+03
(13) logp= -5.616859e+03
(14) logp= -5.616463e+03
(15) logp= -5.616117e+03
(16) logp= -5.615723e+03
(17) logp= -5.615121e+03
(18) logp= -5.614437e+03
(19) logp= -5.613938e+03
(20) logp= -5.613000e+03
(21) logp= -5.610010e+03
(22) logp= -5.608481e+03
(23) logp= -5.607936e+03
(24) logp= -5.607564e+03
(25) logp= -5.607260e+03
(26) logp= -5.607000e+03
(27) logp= -5.606775e+03
(28) logp= -5.606567e+03
(29) logp= -5.606361e+03
(30) logp= -5.606149e+03
(31) logp= -5.605921e+03
(32) logp= -5.605665e+03
(33) logp= -5.605378e+03
(34) logp= -5.605050e+03
(35) logp= -5.604653e+03
(36) logp= -5.604125e+03
(37) logp= -5.603402e+03
(38) logp= -5.602451e+03
(39) logp= -5.601342e+03
(40) logp= -5.600250e+03
(41) logp= -5.599382e+03
(42) logp= -5.598793e+03
(43) logp= -5.598398e+03
(44) logp= -5.598121e+03
(45) logp= -5.597913e+03
(46) logp= -5.597744e+03
(47) logp= -5.597594e+03
(48) logp= -5.597454e+03
(49) logp= -5.597315e+03
(50) logp= -5.597178e+03
(51) logp= -5.597038e+03
(52) logp= -5.596892e+03
(53) logp= -5.596736e+03
(54) logp= -5.596561e+03
(55) logp= -5.596361e+03
(56) logp= -5.596129e+03
(57) logp= -5.595871e+03
(58) logp= -5.595597e+03
(59) logp= -5.595322e+03
(60) logp= -5.595058e+03
(61) logp= -5.594817e+03
(62) logp= -5.594614e+03
(63) logp= -5.594464e+03
(64) logp= -5.594365e+03
(65) logp= -5.594301e+03
(66) logp= -5.594256e+03
(67) logp= -5.594225e+03
(68) logp= -5.594199e+03
(69) logp= -5.594172e+03
(70) logp= -5.594137e+03
(71) logp= -5.594070e+03
(72) logp= -5.593966e+03
(73) logp= -5.593902e+03
(74) logp= -5.593869e+03
(75) logp= -5.593842e+03
(76) logp= -5.593820e+03
(77) logp= -5.593798e+03
(78) logp= -5.593780e+03
(79) logp= -5.593765e+03
(80) logp= -5.593756e+03
(81) logp= -5.593746e+03
(82) logp= -5.593740e+03
(83) logp= -5.593734e+03
(84) logp= -5.593731e+03
(85) logp= -5.593728e+03
(86) logp= -5.593725e+03
(87) logp= -5.593723e+03
(88) logp= -5.593721e+03
(89) logp= -5.593720e+03
