(0) logp= -8.777205e+03
(1) logp= -8.373062e+03
(2) logp= -8.338163e+03
(3) logp= -8.325102e+03
(4) logp= -8.317460e+03
(5) logp= -8.310871e+03
(6) logp= -8.305842e+03
(7) logp= -8.301852e+03
(8) logp= -8.298911e+03
(9) logp= -8.297382e+03
(10) logp= -8.296151e+03
(11) logp= -8.294345e+03
(12) logp= -8.291968e+03
(13) logp= -8.289538e+03
(14) logp= -8.288017e+03
(15) logp= -8.286406e+03
(16) logp= -8.285021e+03
(17) logp= -8.283827e+03
(18) logp= -8.282836e+03
(19) logp= -8.281766e+03
(20) logp= -8.280267e+03
(21) logp= -8.277564e+03
(22) logp= -8.274913e+03
(23) logp= -8.273662e+03
(24) logp= -8.273019e+03
(25) logp= -8.272430e+03
(26) logp= -8.271889e+03
(27) logp= -8.271283e+03
(28) logp= -8.270789e+03
(29) logp= -8.270319e+03
(30) logp= -8.269704e+03
(31) logp= -8.269246e+03
(32) logp= -8.268847e+03
(33) logp= -8.268432e+03
(34) logp= -8.267983e+03
(35) logp= -8.267530e+03
(36) logp= -8.267231e+03
(37) logp= -8.266914e+03
(38) logp= -8.266090e+03
(39) logp= -8.265904e+03
(40) logp= -8.265804e+03
(41) logp= -8.265722e+03
(42) logp= -8.265645e+03
(43) logp= -8.265569e+03
(44) logp= -8.265495e+03
(45) logp= -8.265416e+03
(46) logp= -8.265332e+03
(47) logp= -8.265239e+03
(48) logp= -8.265134e+03
(49) logp= -8.265011e+03
(50) logp= -8.264870e+03
(51) logp= -8.264734e+03
(52) logp= -8.264620e+03
(53) logp= -8.264529e+03
(54) logp= -8.264456e+03
(55) logp= -8.264395e+03
(56) logp= -8.264345e+03
(57) logp= -8.264304e+03
(58) logp= -8.264269e+03
(59) logp= -8.264240e+03
(60) logp= -8.264219e+03
(61) logp= -8.264199e+03
(62) logp= -8.264183e+03
(63) logp= -8.264171e+03
(64) logp= -8.264158e+03
(65) logp= -8.264148e+03
(66) logp= -8.264140e+03
(67) logp= -8.264132e+03
(68) logp= -8.264123e+03
(69) logp= -8.264116e+03
(70) logp= -8.264108e+03
(71) logp= -8.264102e+03
(72) logp= -8.264097e+03
(73) logp= -8.264089e+03
(74) logp= -8.264085e+03
(75) logp= -8.264081e+03
(76) logp= -8.264075e+03
(77) logp= -8.264069e+03
(78) logp= -8.264065e+03
(79) logp= -8.264059e+03
(80) logp= -8.264056e+03
(81) logp= -8.264049e+03
(82) logp= -8.264045e+03
(83) logp= -8.264039e+03
(84) logp= -8.264034e+03
(85) logp= -8.264027e+03
(86) logp= -8.264021e+03
(87) logp= -8.264014e+03
(88) logp= -8.264007e+03
(89) logp= -8.263999e+03
(90) logp= -8.263993e+03
(91) logp= -8.263984e+03
(92) logp= -8.263977e+03
(93) logp= -8.263969e+03
(94) logp= -8.263961e+03
(95) logp= -8.263954e+03
(96) logp= -8.263948e+03
(97) logp= -8.263940e+03
(98) logp= -8.263936e+03
(99) logp= -8.263929e+03
(100) logp= -8.263925e+03
(101) logp= -8.263921e+03
(102) logp= -8.263917e+03
(103) logp= -8.263913e+03
(104) logp= -8.263911e+03
(105) logp= -8.263907e+03
(106) logp= -8.263905e+03
(107) logp= -8.263903e+03
(108) logp= -8.263901e+03
(109) logp= -8.263899e+03
(110) logp= -8.263898e+03
