(0) logp= -8.445431e+03
(1) logp= -8.105561e+03
(2) logp= -8.077397e+03
(3) logp= -8.058185e+03
(4) logp= -8.043774e+03
(5) logp= -8.030928e+03
(6) logp= -8.018413e+03
(7) logp= -8.011719e+03
(8) logp= -8.007393e+03
(9) logp= -8.004626e+03
(10) logp= -8.002748e+03
(11) logp= -8.001271e+03
(12) logp= -8.000079e+03
(13) logp= -7.999145e+03
(14) logp= -7.998420e+03
(15) logp= -7.997871e+03
(16) logp= -7.997477e+03
(17) logp= -7.997188e+03
(18) logp= -7.996961e+03
(19) logp= -7.996769e+03
(20) logp= -7.996573e+03
(21) logp= -7.996357e+03
(22) logp= -7.996175e+03
(23) logp= -7.996010e+03
(24) logp= -7.995843e+03
(25) logp= -7.995667e+03
(26) logp= -7.995483e+03
(27) logp= -7.995297e+03
(28) logp= -7.995110e+03
(29) logp= -7.994926e+03
(30) logp= -7.994743e+03
(31) logp= -7.994554e+03
(32) logp= -7.994359e+03
(33) logp= -7.994139e+03
(34) logp= -7.993892e+03
(35) logp= -7.993609e+03
(36) logp= -7.993279e+03
(37) logp= -7.992891e+03
(38) logp= -7.992448e+03
(39) logp= -7.991972e+03
(40) logp= -7.991523e+03
(41) logp= -7.991164e+03
(42) logp= -7.990887e+03
(43) logp= -7.990623e+03
(44) logp= -7.989322e+03
(45) logp= -7.988229e+03
(46) logp= -7.987266e+03
(47) logp= -7.986680e+03
(48) logp= -7.986220e+03
(49) logp= -7.985785e+03
(50) logp= -7.985365e+03
(51) logp= -7.984970e+03
(52) logp= -7.984621e+03
(53) logp= -7.984333e+03
(54) logp= -7.984095e+03
(55) logp= -7.983871e+03
(56) logp= -7.983523e+03
(57) logp= -7.983279e+03
(58) logp= -7.983125e+03
(59) logp= -7.982988e+03
(60) logp= -7.982850e+03
(61) logp= -7.982707e+03
(62) logp= -7.982545e+03
(63) logp= -7.982328e+03
(64) logp= -7.982042e+03
(65) logp= -7.981539e+03
(66) logp= -7.980577e+03
(67) logp= -7.979361e+03
(68) logp= -7.977357e+03
(69) logp= -7.976120e+03
(70) logp= -7.974032e+03
(71) logp= -7.972964e+03
(72) logp= -7.972175e+03
(73) logp= -7.971732e+03
(74) logp= -7.971450e+03
(75) logp= -7.971227e+03
(76) logp= -7.971040e+03
(77) logp= -7.970885e+03
(78) logp= -7.970758e+03
(79) logp= -7.970656e+03
(80) logp= -7.970572e+03
(81) logp= -7.970508e+03
(82) logp= -7.970455e+03
(83) logp= -7.970415e+03
(84) logp= -7.970380e+03
(85) logp= -7.970354e+03
(86) logp= -7.970334e+03
(87) logp= -7.970316e+03
(88) logp= -7.970304e+03
(89) logp= -7.970293e+03
(90) logp= -7.970283e+03
(91) logp= -7.970276e+03
(92) logp= -7.970270e+03
(93) logp= -7.970266e+03
(94) logp= -7.970262e+03
(95) logp= -7.970258e+03
(96) logp= -7.970255e+03
(97) logp= -7.970254e+03
(98) logp= -7.970252e+03
(99) logp= -7.970250e+03
(100) logp= -7.970250e+03
