(0) logp= -6.657422e+03
(1) logp= -6.361698e+03
(2) logp= -6.351839e+03
(3) logp= -6.347201e+03
(4) logp= -6.343652e+03
(5) logp= -6.340179e+03
(6) logp= -6.337829e+03
(7) logp= -6.336068e+03
(8) logp= -6.334416e+03
(9) logp= -6.332839e+03
(10) logp= -6.331613e+03
(11) logp= -6.330729e+03
(12) logp= -6.330104e+03
(13) logp= -6.329648e+03
(14) logp= -6.329297e+03
(15) logp= -6.329015e+03
(16) logp= -6.328779e+03
(17) logp= -6.328579e+03
(18) logp= -6.328400e+03
(19) logp= -6.328240e+03
(20) logp= -6.328092e+03
(21) logp= -6.327957e+03
(22) logp= -6.327834e+03
(23) logp= -6.327727e+03
(24) logp= -6.327633e+03
(25) logp= -6.327546e+03
(26) logp= -6.327467e+03
(27) logp= -6.327399e+03
(28) logp= -6.327341e+03
(29) logp= -6.327290e+03
(30) logp= -6.327247e+03
(31) logp= -6.327211e+03
(32) logp= -6.327182e+03
(33) logp= -6.327157e+03
(34) logp= -6.327138e+03
(35) logp= -6.327120e+03
(36) logp= -6.327104e+03
(37) logp= -6.327090e+03
(38) logp= -6.327076e+03
(39) logp= -6.327060e+03
(40) logp= -6.327042e+03
(41) logp= -6.327023e+03
(42) logp= -6.326998e+03
(43) logp= -6.326969e+03
(44) logp= -6.326932e+03
(45) logp= -6.326884e+03
(46) logp= -6.326826e+03
(47) logp= -6.326766e+03
(48) logp= -6.326720e+03
(49) logp= -6.326692e+03
(50) logp= -6.326674e+03
(51) logp= -6.326663e+03
(52) logp= -6.326654e+03
(53) logp= -6.326649e+03
(54) logp= -6.326644e+03
(55) logp= -6.326640e+03
(56) logp= -6.326637e+03
(57) logp= -6.326635e+03
(58) logp= -6.326633e+03
(59) logp= -6.326631e+03
(60) logp= -6.326631e+03
