(0) logp= -5.888051e+03
(1) logp= -5.629792e+03
(2) logp= -5.612816e+03
(3) logp= -5.604332e+03
(4) logp= -5.598498e+03
(5) logp= -5.594244e+03
(6) logp= -5.591713e+03
(7) logp= -5.590025e+03
(8) logp= -5.588413e+03
(9) logp= -5.586940e+03
(10) logp= -5.585502e+03
(11) logp= -5.584428e+03
(12) logp= -5.583314e+03
(13) logp= -5.582297e+03
(14) logp= -5.581726e+03
(15) logp= -5.581301e+03
(16) logp= -5.580949e+03
(17) logp= -5.580631e+03
(18) logp= -5.580338e+03
(19) logp= -5.580068e+03
(20) logp= -5.579838e+03
(21) logp= -5.579694e+03
(22) logp= -5.579592e+03
(23) logp= -5.579506e+03
(24) logp= -5.579426e+03
(25) logp= -5.579355e+03
(26) logp= -5.579284e+03
(27) logp= -5.579202e+03
(28) logp= -5.579107e+03
(29) logp= -5.579031e+03
(30) logp= -5.578968e+03
(31) logp= -5.578898e+03
(32) logp= -5.578802e+03
(33) logp= -5.578706e+03
(34) logp= -5.578622e+03
(35) logp= -5.578542e+03
(36) logp= -5.578485e+03
(37) logp= -5.578455e+03
(38) logp= -5.578435e+03
(39) logp= -5.578423e+03
(40) logp= -5.578412e+03
(41) logp= -5.578402e+03
(42) logp= -5.578394e+03
(43) logp= -5.578388e+03
(44) logp= -5.578381e+03
(45) logp= -5.578377e+03
(46) logp= -5.578369e+03
(47) logp= -5.578359e+03
(48) logp= -5.578343e+03
(49) logp= -5.578321e+03
(50) logp= -5.578281e+03
(51) logp= -5.578178e+03
(52) logp= -5.577711e+03
(53) logp= -5.577170e+03
(54) logp= -5.577004e+03
(55) logp= -5.577000e+03
(56) logp= -5.576997e+03
(57) logp= -5.576996e+03
