(0) logp= -5.671194e+03
(1) logp= -5.405364e+03
(2) logp= -5.378313e+03
(3) logp= -5.363480e+03
(4) logp= -5.354433e+03
(5) logp= -5.348245e+03
(6) logp= -5.345117e+03
(7) logp= -5.343107e+03
(8) logp= -5.341563e+03
(9) logp= -5.340329e+03
(10) logp= -5.339299e+03
(11) logp= -5.338396e+03
(12) logp= -5.337531e+03
(13) logp= -5.336623e+03
(14) logp= -5.335678e+03
(15) logp= -5.334743e+03
(16) logp= -5.333828e+03
(17) logp= -5.332955e+03
(18) logp= -5.332144e+03
(19) logp= -5.331319e+03
(20) logp= -5.330302e+03
(21) logp= -5.329253e+03
(22) logp= -5.328260e+03
(23) logp= -5.327204e+03
(24) logp= -5.326149e+03
(25) logp= -5.324886e+03
(26) logp= -5.323708e+03
(27) logp= -5.323142e+03
(28) logp= -5.322755e+03
(29) logp= -5.322422e+03
(30) logp= -5.322117e+03
(31) logp= -5.321877e+03
(32) logp= -5.321668e+03
(33) logp= -5.321434e+03
(34) logp= -5.321252e+03
(35) logp= -5.321100e+03
(36) logp= -5.320845e+03
(37) logp= -5.320574e+03
(38) logp= -5.320417e+03
(39) logp= -5.320284e+03
(40) logp= -5.320149e+03
(41) logp= -5.320010e+03
(42) logp= -5.319876e+03
(43) logp= -5.319765e+03
(44) logp= -5.319679e+03
(45) logp= -5.319617e+03
(46) logp= -5.319573e+03
(47) logp= -5.319541e+03
(48) logp= -5.319517e+03
(49) logp= -5.319498e+03
(50) logp= -5.319484e+03
(51) logp= -5.319475e+03
(52) logp= -5.319467e+03
(53) logp= -5.319460e+03
(54) logp= -5.319455e+03
(55) logp= -5.319450e+03
(56) logp= -5.319446e+03
(57) logp= -5.319441e+03
(58) logp= -5.319436e+03
(59) logp= -5.319430e+03
(60) logp= -5.319423e+03
(61) logp= -5.319412e+03
(62) logp= -5.319398e+03
(63) logp= -5.319383e+03
(64) logp= -5.319366e+03
(65) logp= -5.319349e+03
(66) logp= -5.319332e+03
(67) logp= -5.319316e+03
(68) logp= -5.319294e+03
(69) logp= -5.319260e+03
(70) logp= -5.319200e+03
(71) logp= -5.319105e+03
(72) logp= -5.318937e+03
(73) logp= -5.318834e+03
(74) logp= -5.318819e+03
(75) logp= -5.318807e+03
(76) logp= -5.318796e+03
(77) logp= -5.318789e+03
(78) logp= -5.318781e+03
(79) logp= -5.318774e+03
(80) logp= -5.318770e+03
(81) logp= -5.318765e+03
(82) logp= -5.318761e+03
(83) logp= -5.318758e+03
(84) logp= -5.318755e+03
(85) logp= -5.318752e+03
(86) logp= -5.318750e+03
(87) logp= -5.318749e+03
(88) logp= -5.318749e+03
