(0) logp= -5.290017e+03
(1) logp= -5.095365e+03
(2) logp= -5.083749e+03
(3) logp= -5.077269e+03
(4) logp= -5.073389e+03
(5) logp= -5.070911e+03
(6) logp= -5.069254e+03
(7) logp= -5.068095e+03
(8) logp= -5.067186e+03
(9) logp= -5.066414e+03
(10) logp= -5.065694e+03
(11) logp= -5.065073e+03
(12) logp= -5.064661e+03
(13) logp= -5.064406e+03
(14) logp= -5.064231e+03
(15) logp= -5.064098e+03
(16) logp= -5.063981e+03
(17) logp= -5.063881e+03
(18) logp= -5.063796e+03
(19) logp= -5.063733e+03
(20) logp= -5.063686e+03
(21) logp= -5.063650e+03
(22) logp= -5.063623e+03
(23) logp= -5.063601e+03
(24) logp= -5.063583e+03
(25) logp= -5.063568e+03
(26) logp= -5.063554e+03
(27) logp= -5.063543e+03
(28) logp= -5.063534e+03
(29) logp= -5.063526e+03
(30) logp= -5.063518e+03
(31) logp= -5.063510e+03
(32) logp= -5.063504e+03
(33) logp= -5.063497e+03
(34) logp= -5.063491e+03
(35) logp= -5.063484e+03
(36) logp= -5.063478e+03
(37) logp= -5.063471e+03
(38) logp= -5.063465e+03
(39) logp= -5.063458e+03
(40) logp= -5.063452e+03
(41) logp= -5.063444e+03
(42) logp= -5.063438e+03
(43) logp= -5.063431e+03
(44) logp= -5.063423e+03
(45) logp= -5.063415e+03
(46) logp= -5.063408e+03
(47) logp= -5.063399e+03
(48) logp= -5.063391e+03
(49) logp= -5.063383e+03
(50) logp= -5.063375e+03
(51) logp= -5.063367e+03
(52) logp= -5.063356e+03
(53) logp= -5.063348e+03
(54) logp= -5.063338e+03
(55) logp= -5.063329e+03
(56) logp= -5.063319e+03
(57) logp= -5.063310e+03
(58) logp= -5.063301e+03
(59) logp= -5.063294e+03
(60) logp= -5.063287e+03
(61) logp= -5.063281e+03
(62) logp= -5.063275e+03
(63) logp= -5.063271e+03
(64) logp= -5.063266e+03
(65) logp= -5.063263e+03
(66) logp= -5.063260e+03
(67) logp= -5.063258e+03
(68) logp= -5.063255e+03
(69) logp= -5.063253e+03
(70) logp= -5.063250e+03
(71) logp= -5.063250e+03
