(0) logp= -6.233442e+03
(1) logp= -5.912274e+03
(2) logp= -5.887155e+03
(3) logp= -5.876590e+03
(4) logp= -5.869854e+03
(5) logp= -5.863245e+03
(6) logp= -5.857013e+03
(7) logp= -5.853956e+03
(8) logp= -5.851326e+03
(9) logp= -5.848672e+03
(10) logp= -5.846296e+03
(11) logp= -5.844761e+03
(12) logp= -5.843396e+03
(13) logp= -5.841990e+03
(14) logp= -5.840578e+03
(15) logp= -5.839487e+03
(16) logp= -5.838559e+03
(17) logp= -5.837439e+03
(18) logp= -5.834082e+03
(19) logp= -5.831946e+03
(20) logp= -5.830878e+03
(21) logp= -5.830248e+03
(22) logp= -5.829622e+03
(23) logp= -5.828992e+03
(24) logp= -5.828362e+03
(25) logp= -5.827732e+03
(26) logp= -5.827097e+03
(27) logp= -5.826487e+03
(28) logp= -5.825959e+03
(29) logp= -5.825472e+03
(30) logp= -5.824719e+03
(31) logp= -5.822739e+03
(32) logp= -5.821458e+03
(33) logp= -5.820357e+03
(34) logp= -5.819240e+03
(35) logp= -5.818179e+03
(36) logp= -5.817200e+03
(37) logp= -5.816401e+03
(38) logp= -5.815783e+03
(39) logp= -5.815268e+03
(40) logp= -5.814832e+03
(41) logp= -5.814451e+03
(42) logp= -5.814100e+03
(43) logp= -5.813787e+03
(44) logp= -5.813546e+03
(45) logp= -5.813382e+03
(46) logp= -5.813271e+03
(47) logp= -5.813194e+03
(48) logp= -5.813136e+03
(49) logp= -5.813091e+03
(50) logp= -5.813055e+03
(51) logp= -5.813025e+03
(52) logp= -5.813000e+03
(53) logp= -5.812977e+03
(54) logp= -5.812953e+03
(55) logp= -5.812927e+03
(56) logp= -5.812897e+03
(57) logp= -5.812867e+03
(58) logp= -5.812834e+03
(59) logp= -5.812792e+03
(60) logp= -5.812726e+03
(61) logp= -5.812614e+03
(62) logp= -5.812492e+03
(63) logp= -5.812375e+03
(64) logp= -5.812153e+03
(65) logp= -5.811760e+03
(66) logp= -5.811678e+03
(67) logp= -5.811618e+03
(68) logp= -5.811567e+03
(69) logp= -5.811518e+03
(70) logp= -5.811472e+03
(71) logp= -5.811425e+03
(72) logp= -5.811376e+03
(73) logp= -5.811329e+03
(74) logp= -5.811289e+03
(75) logp= -5.811255e+03
(76) logp= -5.811222e+03
(77) logp= -5.811175e+03
(78) logp= -5.811124e+03
(79) logp= -5.811091e+03
(80) logp= -5.811072e+03
(81) logp= -5.811058e+03
(82) logp= -5.811045e+03
(83) logp= -5.811035e+03
(84) logp= -5.811025e+03
(85) logp= -5.811018e+03
(86) logp= -5.811010e+03
(87) logp= -5.811005e+03
(88) logp= -5.811001e+03
(89) logp= -5.810995e+03
(90) logp= -5.810993e+03
(91) logp= -5.810989e+03
(92) logp= -5.810987e+03
(93) logp= -5.810984e+03
(94) logp= -5.810982e+03
(95) logp= -5.810981e+03
