0 9.332636e-302 5.000000e-01 5.000000e-01 5.000000e-01 5.000000e-01 5.000000e-01 5.000000e-01 5.000000e-01 5.000000e-01
1 2.257168e-301 5.000000e-01 5.000000e-01 5.000000e-01 5.000000e-01 5.214785e-01 4.785215e-01 5.205205e-01 4.794795e-01
2 2.259239e-301 4.999989e-01 5.000011e-01 5.000002e-01 4.999998e-01 5.219566e-01 4.780434e-01 5.200415e-01 4.799585e-01
3 2.261309e-301 4.999966e-01 5.000034e-01 5.000007e-01 4.999993e-01 5.224343e-01 4.775657e-01 5.195629e-01 4.804371e-01
4 2.263377e-301 4.999927e-01 5.000073e-01 5.000018e-01 4.999982e-01 5.229115e-01 4.770885e-01 5.190847e-01 4.809153e-01
5 2.265443e-301 4.999871e-01 5.000129e-01 5.000038e-01 4.999962e-01 5.233883e-01 4.766117e-01 5.186070e-01 4.813930e-01
6 2.267507e-301 4.999795e-01 5.000205e-01 5.000068e-01 4.999932e-01 5.238646e-01 4.761354e-01 5.181297e-01 4.818703e-01
7 2.269570e-301 4.999697e-01 5.000303e-01 5.000111e-01 4.999889e-01 5.243406e-01 4.756594e-01 5.176528e-01 4.823472e-01
8 2.271632e-301 4.999576e-01 5.000424e-01 5.000169e-01 4.999831e-01 5.248162e-01 4.751838e-01 5.171764e-01 4.828236e-01
9 2.273693e-301 4.999428e-01 5.000572e-01 5.000244e-01 4.999756e-01 5.252914e-01 4.747086e-01 5.167003e-01 4.832997e-01
10 2.275754e-301 4.999252e-01 5.000748e-01 5.000338e-01 4.999662e-01 5.257663e-01 4.742337e-01 5.162246e-01 4.837754e-01
11 2.277814e-301 4.999046e-01 5.000954e-01 5.000454e-01 4.999546e-01 5.262408e-01 4.737592e-01 5.157492e-01 4.842508e-01
12 2.279874e-301 4.998807e-01 5.001193e-01 5.000594e-01 4.999406e-01 5.267150e-01 4.732850e-01 5.152742e-01 4.847258e-01
13 2.281936e-301 4.998532e-01 5.001468e-01 5.000760e-01 4.999240e-01 5.271890e-01 4.728110e-01 5.147995e-01 4.852005e-01
14 2.283999e-301 4.998221e-01 5.001779e-01 5.000954e-01 4.999046e-01 5.276628e-01 4.723372e-01 5.143250e-01 4.856750e-01
15 2.286064e-301 4.997871e-01 5.002129e-01 5.001179e-01 4.998821e-01 5.281364e-01 4.718636e-01 5.138507e-01 4.861493e-01
16 2.288132e-301 4.997479e-01 5.002521e-01 5.001436e-01 4.998564e-01 5.286099e-01 4.713901e-01 5.133766e-01 4.866234e-01
17 2.290204e-301 4.997043e-01 5.002957e-01 5.001728e-01 4.998272e-01 5.290833e-01 4.709167e-01 5.129025e-01 4.870975e-01
18 2.292282e-301 4.996562e-01 5.003438e-01 5.002058e-01 4.997942e-01 5.295567e-01 4.704433e-01 5.124285e-01 4.875715e-01
19 2.294365e-301 4.996033e-01 5.003967e-01 5.002426e-01 4.997574e-01 5.300302e-01 4.699698e-01 5.119545e-01 4.880455e-01
20 2.296457e-301 4.995453e-01 5.004547e-01 5.002836e-01 4.997164e-01 5.305039e-01 4.694961e-01 5.114803e-01 4.885197e-01
21 2.298557e-301 4.994821e-01 5.005179e-01 5.003290e-01 4.996710e-01 5.309778e-01 4.690222e-01 5.110060e-01 4.889940e-01
22 2.300668e-301 4.994134e-01 5.005866e-01 5.003790e-01 4.996210e-01 5.314521e-01 4.685479e-01 5.105313e-01 4.894687e-01
23 2.302791e-301 4.993391e-01 5.006609e-01 5.004338e-01 4.995662e-01 5.319268e-01 4.680732e-01 5.100563e-01 4.899437e-01
24 2.304928e-301 4.992588e-01 5.007412e-01 5.004936e-01 4.995064e-01 5.324022e-01 4.675978e-01 5.095807e-01 4.904193e-01
25 2.307082e-301 4.991724e-01 5.008276e-01 5.005588e-01 4.994412e-01 5.328782e-01 4.671218e-01 5.091044e-01 4.908956e-01
26 2.309255e-301 4.990795e-01 5.009205e-01 5.006294e-01 4.993706e-01 5.333551e-01 4.666449e-01 5.086274e-01 4.913726e-01
27 2.311448e-301 4.989801e-01 5.010199e-01 5.007059e-01 4.992941e-01 5.338330e-01 4.661670e-01 5.081494e-01 4.918506e-01
28 2.313666e-301 4.988738e-01 5.011262e-01 5.007883e-01 4.992117e-01 5.343120e-01 4.656880e-01 5.076704e-01 4.923296e-01
29 2.315910e-301 4.987604e-01 5.012396e-01 5.008770e-01 4.991230e-01 5.347924e-01 4.652076e-01 5.071901e-01 4.928099e-01
30 2.318184e-301 4.986396e-01 5.013604e-01 5.009721e-01 4.990279e-01 5.352743e-01 4.647257e-01 5.067083e-01 4.932917e-01
31 2.320491e-301 4.985112e-01 5.014888e-01 5.010740e-01 4.989260e-01 5.357579e-01 4.642421e-01 5.062249e-01 4.937751e-01
32 2.322835e-301 4.983750e-01 5.016250e-01 5.011829e-01 4.988171e-01 5.362434e-01 4.637566e-01 5.057396e-01 4.942604e-01
33 2.325221e-301 4.982306e-01 5.017694e-01 5.012991e-01 4.987009e-01 5.367311e-01 4.632689e-01 5.052522e-01 4.947478e-01
34 2.327652e-301 4.980778e-01 5.019222e-01 5.014227e-01 4.985773e-01 5.372213e-01 4.627787e-01 5.047625e-01 4.952375e-01
35 2.330132e-301 4.979163e-01 5.020837e-01 5.015543e-01 4.984457e-01 5.377141e-01 4.622859e-01 5.042702e-01 4.957298e-01
36 2.332668e-301 4.977458e-01 5.022542e-01 5.016939e-01 4.983061e-01 5.382098e-01 4.617902e-01 5.037751e-01 4.962249e-01
37 2.335265e-301 4.975660e-01 5.024340e-01 5.018419e-01 4.981581e-01 5.387089e-01 4.612911e-01 5.032767e-01 4.967233e-01
38 2.337928e-301 4.973767e-01 5.026233e-01 5.019986e-01 4.980014e-01 5.392115e-01 4.607885e-01 5.027749e-01 4.972251e-01
39 2.340665e-301 4.971774e-01 5.028226e-01 5.021644e-01 4.978356e-01 5.397180e-01 4.602820e-01 5.022693e-01 4.977307e-01
40 2.343482e-301 4.969678e-01 5.030322e-01 5.023395e-01 4.976605e-01 5.402288e-01 4.597712e-01 5.017595e-01 4.982405e-01
41 2.346386e-301 4.967476e-01 5.032524e-01 5.025243e-01 4.974757e-01 5.407442e-01 4.592558e-01 5.012451e-01 4.987549e-01
42 2.349387e-301 4.965164e-01 5.034836e-01 5.027192e-01 4.972808e-01 5.412647e-01 4.587353e-01 5.007257e-01 4.992743e-01
43 2.352492e-301 4.962739e-01 5.037261e-01 5.029246e-01 4.970754e-01 5.417908e-01 4.582092e-01 5.002010e-01 4.997990e-01
44 2.355713e-301 4.960196e-01 5.039804e-01 5.031408e-01 4.968592e-01 5.423228e-01 4.576772e-01 4.996704e-01 5.003296e-01
45 2.359060e-301 4.957531e-01 5.042469e-01 5.033682e-01 4.966318e-01 5.428613e-01 4.571387e-01 4.991334e-01 5.008666e-01
46 2.362544e-301 4.954739e-01 5.045261e-01 5.036074e-01 4.963926e-01 5.434068e-01 4.565932e-01 4.985895e-01 5.014105e-01
47 2.366179e-301 4.951816e-01 5.048184e-01 5.038586e-01 4.961414e-01 5.439599e-01 4.560401e-01 4.980382e-01 5.019618e-01
48 2.369979e-301 4.948757e-01 5.051243e-01 5.041226e-01 4.958774e-01 5.445212e-01 4.554788e-01 4.974789e-01 5.025211e-01
49 2.373959e-301 4.945557e-01 5.054443e-01 5.043997e-01 4.956003e-01 5.450913e-01 4.549087e-01 4.969108e-01 5.030892e-01
50 2.378137e-301 4.942209e-01 5.057791e-01 5.046905e-01 4.953095e-01 5.456709e-01 4.543291e-01 4.963334e-01 5.036666e-01
51 2.382531e-301 4.938708e-01 5.061292e-01 5.049956e-01 4.950044e-01 5.462608e-01 4.537392e-01 4.957458e-01 5.042542e-01
52 2.387164e-301 4.935048e-01 5.064952e-01 5.053155e-01 4.946845e-01 5.468618e-01 4.531382e-01 4.951474e-01 5.048526e-01
53 2.392057e-301 4.931222e-01 5.068778e-01 5.056511e-01 4.943489e-01 5.474746e-01 4.525254e-01 4.945372e-01 5.054628e-01
54 2.397237e-301 4.927222e-01 5.072778e-01 5.060029e-01 4.939971e-01 5.481003e-01 4.518997e-01 4.939144e-01 5.060856e-01
55 2.402734e-301 4.923040e-01 5.076960e-01 5.063718e-01 4.936282e-01 5.487397e-01 4.512603e-01 4.932780e-01 5.067220e-01
56 2.408579e-301 4.918669e-01 5.081331e-01 5.067585e-01 4.932415e-01 5.493940e-01 4.506060e-01 4.926269e-01 5.073731e-01
57 2.414808e-301 4.914100e-01 5.085900e-01 5.071639e-01 4.928361e-01 5.500643e-01 4.499357e-01 4.919601e-01 5.080399e-01
58 2.421463e-301 4.909322e-01 5.090678e-01 5.075889e-01 4.924111e-01 5.507518e-01 4.492482e-01 4.912762e-01 5.087238e-01
59 2.428590e-301 4.904326e-01 5.095674e-01 5.080346e-01 4.919654e-01 5.514578e-01 4.485422e-01 4.905741e-01 5.094259e-01
60 2.436239e-301 4.899099e-01 5.100901e-01 5.085021e-01 4.914979e-01 5.521837e-01 4.478163e-01 4.898522e-01 5.101478e-01
61 2.444471e-301 4.893631e-01 5.106369e-01 5.089925e-01 4.910075e-01 5.529312e-01 4.470688e-01 4.891091e-01 5.108909e-01
62 2.453351e-301 4.887908e-01 5.112092e-01 5.095071e-01 4.904929e-01 5.537018e-01 4.462982e-01 4.883431e-01 5.116569e-01
63 2.462957e-301 4.881914e-01 5.118086e-01 5.100474e-01 4.899526e-01 5.544975e-01 4.455025e-01 4.875524e-01 5.124476e-01
64 2.473377e-301 4.875636e-01 5.124364e-01 5.106148e-01 4.893852e-01 5.553201e-01 4.446799e-01 4.867350e-01 5.132650e-01
65 2.484710e-301 4.869055e-01 5.130945e-01 5.112110e-01 4.887890e-01 5.561719e-01 4.438281e-01 4.858887e-01 5.141113e-01
66 2.497073e-301 4.862154e-01 5.137846e-01 5.118378e-01 4.881622e-01 5.570553e-01 4.429447e-01 4.850112e-01 5.149888e-01
67 2.510601e-301 4.854911e-01 5.145089e-01 5.124972e-01 4.875028e-01 5.579728e-01 4.420272e-01 4.841000e-01 5.159000e-01
68 2.525452e-301 4.847304e-01 5.152696e-01 5.131914e-01 4.868086e-01 5.589273e-01 4.410727e-01 4.831521e-01 5.168479e-01
69 2.541810e-301 4.839309e-01 5.160691e-01 5.139228e-01 4.860772e-01 5.599220e-01 4.400780e-01 4.821645e-01 5.178355e-01
70 2.559891e-301 4.830898e-01 5.169102e-01 5.146942e-01 4.853058e-01 5.609603e-01 4.390397e-01 4.811338e-01 5.188662e-01
71 2.579951e-301 4.822041e-01 5.177959e-01 5.155083e-01 4.844917e-01 5.620461e-01 4.379539e-01 4.800561e-01 5.199439e-01
72 2.602296e-301 4.812706e-01 5.187294e-01 5.163685e-01 4.836315e-01 5.631836e-01 4.368164e-01 4.789272e-01 5.210728e-01
73 2.627292e-301 4.802853e-01 5.197147e-01 5.172785e-01 4.827215e-01 5.643776e-01 4.356224e-01 4.777424e-01 5.222576e-01
74 2.655377e-301 4.792443e-01 5.207557e-01 5.182422e-01 4.817578e-01 5.656334e-01 4.343666e-01 4.764965e-01 5.235035e-01
75 2.687089e-301 4.781428e-01 5.218572e-01 5.192643e-01 4.807357e-01 5.669568e-01 4.330432e-01 4.751837e-01 5.248163e-01
76 2.723081e-301 4.769757e-01 5.230243e-01 5.203500e-01 4.796500e-01 5.683546e-01 4.316454e-01 4.737972e-01 5.262028e-01
77 2.764162e-301 4.757370e-01 5.242630e-01 5.215049e-01 4.784951e-01 5.698343e-01 4.301657e-01 4.723298e-01 5.276702e-01
78 2.811339e-301 4.744202e-01 5.255798e-01 5.227356e-01 4.772644e-01 5.714042e-01 4.285958e-01 4.707730e-01 5.292270e-01
79 2.865882e-301 4.730176e-01 5.269824e-01 5.240495e-01 4.759505e-01 5.730740e-01 4.269260e-01 4.691174e-01 5.308826e-01
80 2.929406e-301 4.715208e-01 5.284792e-01 5.254552e-01 4.745448e-01 5.748546e-01 4.251454e-01 4.673521e-01 5.326479e-01
81 3.003994e-301 4.699197e-01 5.300803e-01 5.269624e-01 4.730376e-01 5.767587e-01 4.232413e-01 4.654647e-01 5.345353e-01
82 3.092369e-301 4.682032e-01 5.317968e-01 5.285822e-01 4.714178e-01 5.788004e-01 4.211996e-01 4.634409e-01 5.365591e-01
83 3.198148e-301 4.663581e-01 5.336419e-01 5.303276e-01 4.696724e-01 5.809965e-01 4.190035e-01 4.612644e-01 5.387356e-01
84 3.326216e-301 4.643693e-01 5.356307e-01 5.322137e-01 4.677863e-01 5.833662e-01 4.166338e-01 4.589160e-01 5.410840e-01
85 3.483306e-301 4.622190e-01 5.377810e-01 5.342580e-01 4.657420e-01 5.859320e-01 4.140680e-01 4.563736e-01 5.436264e-01
86 3.678905e-301 4.598864e-01 5.401136e-01 5.364814e-01 4.635186e-01 5.887201e-01 4.112799e-01 4.536110e-01 5.463890e-01
87 3.926733e-301 4.573469e-01 5.426531e-01 5.389084e-01 4.610916e-01 5.917616e-01 4.082384e-01 4.505976e-01 5.494024e-01
88 4.247221e-301 4.545713e-01 5.454287e-01 5.415682e-01 4.584318e-01 5.950932e-01 4.049068e-01 4.472969e-01 5.527031e-01
89 4.671864e-301 4.515244e-01 5.484756e-01 5.444960e-01 4.555040e-01 5.987588e-01 4.012412e-01 4.436654e-01 5.563346e-01
90 5.251223e-301 4.481641e-01 5.518359e-01 5.477340e-01 4.522660e-01 6.028111e-01 3.971889e-01 4.396508e-01 5.603492e-01
91 6.070455e-301 4.444391e-01 5.555609e-01 5.513341e-01 4.486659e-01 6.073136e-01 3.926864e-01 4.351902e-01 5.648098e-01
92 7.281485e-301 4.402866e-01 5.597134e-01 5.553595e-01 4.446405e-01 6.123436e-01 3.876564e-01 4.302067e-01 5.697933e-01
93 9.174992e-301 4.356293e-01 5.643707e-01 5.598887e-01 4.401113e-01 6.179956e-01 3.820044e-01 4.246064e-01 5.753936e-01
94 1.235717e-300 4.303714e-01 5.696286e-01 5.650192e-01 4.349808e-01 6.243855e-01 3.756145e-01 4.182738e-01 5.817262e-01
95 1.823607e-300 4.243933e-01 5.756067e-01 5.708733e-01 4.291267e-01 6.316563e-01 3.683437e-01 4.110666e-01 5.889334e-01
96 3.056410e-300 4.175453e-01 5.824547e-01 5.776051e-01 4.223949e-01 6.399838e-01 3.600162e-01 4.028090e-01 5.971910e-01
97 6.129773e-300 4.096409e-01 5.903591e-01 5.854079e-01 4.145921e-01 6.495831e-01 3.504169e-01 3.932856e-01 6.067144e-01
98 1.587491e-299 4.004491e-01 5.995509e-01 5.945236e-01 4.054764e-01 6.607128e-01 3.392872e-01 3.822360e-01 6.177640e-01
99 5.924034e-299 3.896921e-01 6.103079e-01 6.052470e-01 3.947530e-01 6.736720e-01 3.263280e-01 3.693571e-01 6.306429e-01
100 3.705767e-298 3.770544e-01 6.229456e-01 6.179200e-01 3.820800e-01 6.887788e-01 3.112212e-01 3.543227e-01 6.456773e-01
101 4.692066e-297 3.622254e-01 6.377746e-01 6.328931e-01 3.671069e-01 7.063068e-01 2.936932e-01 3.368439e-01 6.631561e-01
102 1.439110e-295 3.450077e-01 6.549923e-01 6.504202e-01 3.495798e-01 7.263446e-01 2.736554e-01 3.168059e-01 6.831941e-01
103 1.110704e-293 3.255352e-01 6.744648e-01 6.704368e-01 3.295632e-01 7.485449e-01 2.514551e-01 2.945177e-01 7.054823e-01
104 1.564758e-291 3.045828e-01 6.954172e-01 6.922294e-01 3.077706e-01 7.718142e-01 2.281858e-01 2.710295e-01 7.289705e-01
105 1.843044e-289 2.837519e-01 7.162481e-01 7.142061e-01 2.857939e-01 7.942118e-01 2.057882e-01 2.482567e-01 7.517433e-01
106 7.471841e-288 2.651167e-01 7.348833e-01 7.342119e-01 2.657881e-01 8.134665e-01 1.865335e-01 2.284913e-01 7.715087e-01
107 7.217289e-287 2.502802e-01 7.497198e-01 7.504993e-01 2.495007e-01 8.280249e-01 1.719751e-01 2.133513e-01 7.866487e-01
108 2.208021e-286 2.396404e-01 7.603596e-01 7.625467e-01 2.374533e-01 8.377131e-01 1.622869e-01 2.030773e-01 7.969227e-01
109 3.529208e-286 2.325519e-01 7.674481e-01 7.709488e-01 2.290512e-01 8.434237e-01 1.565763e-01 1.968128e-01 8.031872e-01
110 4.232389e-286 2.279902e-01 7.720098e-01 7.767356e-01 2.232644e-01 8.463671e-01 1.536329e-01 1.933531e-01 8.066469e-01
111 4.553584e-286 2.250430e-01 7.749570e-01 7.808440e-01 2.191560e-01 8.475756e-01 1.524244e-01 1.916591e-01 8.083409e-01
112 4.718773e-286 2.230666e-01 7.769334e-01 7.839402e-01 2.160598e-01 8.477664e-01 1.522336e-01 1.910051e-01 8.089949e-01
113 4.828534e-286 2.216575e-01 7.783425e-01 7.864423e-01 2.135577e-01 8.473874e-01 1.526126e-01 1.909369e-01 8.090631e-01
114 4.918498e-286 2.205788e-01 7.794212e-01 7.885957e-01 2.114043e-01 8.467021e-01 1.532979e-01 1.911871e-01 8.088129e-01
115 5.000199e-286 2.196960e-01 7.803040e-01 7.905392e-01 2.094608e-01 8.458608e-01 1.541392e-01 1.916029e-01 8.083971e-01
116 5.077222e-286 2.189342e-01 7.810658e-01 7.923498e-01 2.076502e-01 8.449473e-01 1.550527e-01 1.920994e-01 8.079006e-01
117 5.150666e-286 2.182519e-01 7.817481e-01 7.940698e-01 2.059302e-01 8.440079e-01 1.559921e-01 1.926294e-01 8.073706e-01
118 5.220881e-286 2.176262e-01 7.823738e-01 7.957225e-01 2.042775e-01 8.430677e-01 1.569323e-01 1.931674e-01 8.068326e-01
119 5.287999e-286 2.170443e-01 7.829557e-01 7.973206e-01 2.026794e-01 8.421403e-01 1.578597e-01 1.936995e-01 8.063005e-01
120 5.352098e-286 2.164990e-01 7.835010e-01 7.988713e-01 2.011287e-01 8.412327e-01 1.587673e-01 1.942184e-01 8.057816e-01
121 5.413247e-286 2.159860e-01 7.840140e-01 8.003787e-01 1.996213e-01 8.403485e-01 1.596515e-01 1.947205e-01 8.052795e-01
122 5.471518e-286 2.155027e-01 7.844973e-01 8.018454e-01 1.981546e-01 8.394894e-01 1.605106e-01 1.952039e-01 8.047961e-01
123 5.526988e-286 2.150473e-01 7.849527e-01 8.032729e-01 1.967271e-01 8.386559e-01 1.613441e-01 1.956679e-01 8.043321e-01
124 5.579742e-286 2.146185e-01 7.853815e-01 8.046625e-01 1.953375e-01 8.378479e-01 1.621521e-01 1.961126e-01 8.038874e-01
125 5.629870e-286 2.142152e-01 7.857848e-01 8.060152e-01 1.939848e-01 8.370651e-01 1.629349e-01 1.965379e-01 8.034621e-01
126 5.677462e-286 2.138367e-01 7.861633e-01 8.073317e-01 1.926683e-01 8.363071e-01 1.636929e-01 1.969445e-01 8.030555e-01
127 5.722616e-286 2.134819e-01 7.865181e-01 8.086130e-01 1.913870e-01 8.355732e-01 1.644268e-01 1.973326e-01 8.026674e-01
128 5.765427e-286 2.131502e-01 7.868498e-01 8.098598e-01 1.901402e-01 8.348627e-01 1.651373e-01 1.977029e-01 8.022971e-01
129 5.805993e-286 2.128408e-01 7.871592e-01 8.110730e-01 1.889270e-01 8.341751e-01 1.658249e-01 1.980558e-01 8.019442e-01
130 5.844413e-286 2.125529e-01 7.874471e-01 8.122531e-01 1.877469e-01 8.335097e-01 1.664903e-01 1.983920e-01 8.016080e-01
131 5.880783e-286 2.122857e-01 7.877143e-01 8.134012e-01 1.865988e-01 8.328657e-01 1.671343e-01 1.987119e-01 8.012881e-01
132 5.915199e-286 2.120386e-01 7.879614e-01 8.145178e-01 1.854822e-01 8.322425e-01 1.677575e-01 1.990162e-01 8.009838e-01
133 5.947756e-286 2.118108e-01 7.881892e-01 8.156039e-01 1.843961e-01 8.316396e-01 1.683604e-01 1.993052e-01 8.006948e-01
134 5.978546e-286 2.116016e-01 7.883984e-01 8.166602e-01 1.833398e-01 8.310561e-01 1.689439e-01 1.995797e-01 8.004203e-01
135 6.007659e-286 2.114103e-01 7.885897e-01 8.176875e-01 1.823125e-01 8.304916e-01 1.695084e-01 1.998400e-01 8.001600e-01
136 6.035183e-286 2.112362e-01 7.887638e-01 8.186865e-01 1.813135e-01 8.299453e-01 1.700547e-01 2.000867e-01 7.999133e-01
137 6.061200e-286 2.110787e-01 7.889213e-01 8.196581e-01 1.803419e-01 8.294168e-01 1.705832e-01 2.003203e-01 7.996797e-01
138 6.085794e-286 2.109371e-01 7.890629e-01 8.206029e-01 1.793971e-01 8.289053e-01 1.710947e-01 2.005413e-01 7.994587e-01
139 6.109041e-286 2.108107e-01 7.891893e-01 8.215218e-01 1.784782e-01 8.284104e-01 1.715896e-01 2.007502e-01 7.992498e-01
140 6.131017e-286 2.106990e-01 7.893010e-01 8.224154e-01 1.775846e-01 8.279314e-01 1.720686e-01 2.009473e-01 7.990527e-01
141 6.151792e-286 2.106012e-01 7.893988e-01 8.232845e-01 1.767155e-01 8.274679e-01 1.725321e-01 2.011332e-01 7.988668e-01
142 6.171436e-286 2.105168e-01 7.894832e-01 8.241298e-01 1.758702e-01 8.270192e-01 1.729808e-01 2.013083e-01 7.986917e-01
143 6.190014e-286 2.104453e-01 7.895547e-01 8.249520e-01 1.750480e-01 8.265850e-01 1.734150e-01 2.014730e-01 7.985270e-01
144 6.207586e-286 2.103860e-01 7.896140e-01 8.257518e-01 1.742482e-01 8.261647e-01 1.738353e-01 2.016277e-01 7.983723e-01
145 6.224212e-286 2.103384e-01 7.896616e-01 8.265298e-01 1.734702e-01 8.257577e-01 1.742423e-01 2.017729e-01 7.982271e-01
146 6.239948e-286 2.103020e-01 7.896980e-01 8.272867e-01 1.727133e-01 8.253638e-01 1.746362e-01 2.019088e-01 7.980912e-01
147 6.254845e-286 2.102762e-01 7.897238e-01 8.280232e-01 1.719768e-01 8.249823e-01 1.750177e-01 2.020360e-01 7.979640e-01
148 6.268953e-286 2.102606e-01 7.897394e-01 8.287398e-01 1.712602e-01 8.246129e-01 1.753871e-01 2.021548e-01 7.978452e-01
149 6.282320e-286 2.102546e-01 7.897454e-01 8.294372e-01 1.705628e-01 8.242551e-01 1.757449e-01 2.022654e-01 7.977346e-01
150 6.294989e-286 2.102578e-01 7.897422e-01 8.301159e-01 1.698841e-01 8.239085e-01 1.760915e-01 2.023684e-01 7.976316e-01
151 6.307001e-286 2.102698e-01 7.897302e-01 8.307766e-01 1.692234e-01 8.235728e-01 1.764272e-01 2.024639e-01 7.975361e-01
152 6.318397e-286 2.102900e-01 7.897100e-01 8.314197e-01 1.685803e-01 8.232475e-01 1.767525e-01 2.025523e-01 7.974477e-01
153 6.329212e-286 2.103181e-01 7.896819e-01 8.320459e-01 1.679541e-01 8.229323e-01 1.770677e-01 2.026339e-01 7.973661e-01
154 6.339482e-286 2.103536e-01 7.896464e-01 8.326556e-01 1.673444e-01 8.226268e-01 1.773732e-01 2.027091e-01 7.972909e-01
155 6.349238e-286 2.103962e-01 7.896038e-01 8.332494e-01 1.667506e-01 8.223307e-01 1.776693e-01 2.027781e-01 7.972219e-01
156 6.358512e-286 2.104455e-01 7.895545e-01 8.338278e-01 1.661722e-01 8.220436e-01 1.779564e-01 2.028412e-01 7.971588e-01
157 6.367331e-286 2.105010e-01 7.894990e-01 8.343912e-01 1.656088e-01 8.217653e-01 1.782347e-01 2.028986e-01 7.971014e-01
158 6.375722e-286 2.105626e-01 7.894374e-01 8.349401e-01 1.650599e-01 8.214954e-01 1.785046e-01 2.029506e-01 7.970494e-01
159 6.383711e-286 2.106297e-01 7.893703e-01 8.354749e-01 1.645251e-01 8.212335e-01 1.787665e-01 2.029975e-01 7.970025e-01
160 6.391321e-286 2.107021e-01 7.892979e-01 8.359962e-01 1.640038e-01 8.209795e-01 1.790205e-01 2.030395e-01 7.969605e-01
161 6.398573e-286 2.107795e-01 7.892205e-01 8.365042e-01 1.634958e-01 8.207331e-01 1.792669e-01 2.030769e-01 7.969231e-01
162 6.405489e-286 2.108616e-01 7.891384e-01 8.369995e-01 1.630005e-01 8.204939e-01 1.795061e-01 2.031098e-01 7.968902e-01
163 6.412088e-286 2.109480e-01 7.890520e-01 8.374824e-01 1.625176e-01 8.202618e-01 1.797382e-01 2.031384e-01 7.968616e-01
164 6.418388e-286 2.110386e-01 7.889614e-01 8.379533e-01 1.620467e-01 8.200364e-01 1.799636e-01 2.031631e-01 7.968369e-01
165 6.424406e-286 2.111329e-01 7.888671e-01 8.384126e-01 1.615874e-01 8.198176e-01 1.801824e-01 2.031839e-01 7.968161e-01
166 6.430156e-286 2.112309e-01 7.887691e-01 8.388606e-01 1.611394e-01 8.196051e-01 1.803949e-01 2.032011e-01 7.967989e-01
167 6.435656e-286 2.113322e-01 7.886678e-01 8.392977e-01 1.607023e-01 8.193987e-01 1.806013e-01 2.032148e-01 7.967852e-01
168 6.440917e-286 2.114366e-01 7.885634e-01 8.397242e-01 1.602758e-01 8.191981e-01 1.808019e-01 2.032252e-01 7.967748e-01
169 6.445953e-286 2.115438e-01 7.884562e-01 8.401404e-01 1.598596e-01 8.190032e-01 1.809968e-01 2.032326e-01 7.967674e-01
170 6.450777e-286 2.116538e-01 7.883462e-01 8.405466e-01 1.594534e-01 8.188138e-01 1.811862e-01 2.032370e-01 7.967630e-01
171 6.455399e-286 2.117661e-01 7.882339e-01 8.409433e-01 1.590567e-01 8.186297e-01 1.813703e-01 2.032386e-01 7.967614e-01
172 6.459830e-286 2.118808e-01 7.881192e-01 8.413305e-01 1.586695e-01 8.184507e-01 1.815493e-01 2.032375e-01 7.967625e-01
173 6.464081e-286 2.119975e-01 7.880025e-01 8.417087e-01 1.582913e-01 8.182766e-01 1.817234e-01 2.032340e-01 7.967660e-01
174 6.468160e-286 2.121161e-01 7.878839e-01 8.420780e-01 1.579220e-01 8.181072e-01 1.818928e-01 2.032281e-01 7.967719e-01
175 6.472077e-286 2.122364e-01 7.877636e-01 8.424388e-01 1.575612e-01 8.179425e-01 1.820575e-01 2.032199e-01 7.967801e-01
176 6.475839e-286 2.123582e-01 7.876418e-01 8.427914e-01 1.572086e-01 8.177822e-01 1.822178e-01 2.032097e-01 7.967903e-01
177 6.479454e-286 2.124815e-01 7.875185e-01 8.431358e-01 1.568642e-01 8.176262e-01 1.823738e-01 2.031974e-01 7.968026e-01
178 6.482930e-286 2.126060e-01 7.873940e-01 8.434725e-01 1.565275e-01 8.174743e-01 1.825257e-01 2.031833e-01 7.968167e-01
179 6.486273e-286 2.127316e-01 7.872684e-01 8.438016e-01 1.561984e-01 8.173264e-01 1.826736e-01 2.031674e-01 7.968326e-01
180 6.489489e-286 2.128582e-01 7.871418e-01 8.441233e-01 1.558767e-01 8.171824e-01 1.828176e-01 2.031499e-01 7.968501e-01
181 6.492586e-286 2.129857e-01 7.870143e-01 8.444378e-01 1.555622e-01 8.170421e-01 1.829579e-01 2.031308e-01 7.968692e-01
182 6.495567e-286 2.131138e-01 7.868862e-01 8.447454e-01 1.552546e-01 8.169055e-01 1.830945e-01 2.031102e-01 7.968898e-01
183 6.498440e-286 2.132426e-01 7.867574e-01 8.450463e-01 1.549537e-01 8.167723e-01 1.832277e-01 2.030883e-01 7.969117e-01
184 6.501208e-286 2.133719e-01 7.866281e-01 8.453406e-01 1.546594e-01 8.166425e-01 1.833575e-01 2.030651e-01 7.969349e-01
185 6.503876e-286 2.135015e-01 7.864985e-01 8.456286e-01 1.543714e-01 8.165160e-01 1.834840e-01 2.030406e-01 7.969594e-01
186 6.506449e-286 2.136315e-01 7.863685e-01 8.459103e-01 1.540897e-01 8.163927e-01 1.836073e-01 2.030151e-01 7.969849e-01
187 6.508931e-286 2.137617e-01 7.862383e-01 8.461860e-01 1.538140e-01 8.162724e-01 1.837276e-01 2.029885e-01 7.970115e-01
188 6.511326e-286 2.138920e-01 7.861080e-01 8.464559e-01 1.535441e-01 8.161551e-01 1.838449e-01 2.029610e-01 7.970390e-01
189 6.513638e-286 2.140223e-01 7.859777e-01 8.467201e-01 1.532799e-01 8.160407e-01 1.839593e-01 2.029325e-01 7.970675e-01
190 6.515870e-286 2.141525e-01 7.858475e-01 8.469788e-01 1.530212e-01 8.159290e-01 1.840710e-01 2.029033e-01 7.970967e-01
191 6.518026e-286 2.142826e-01 7.857174e-01 8.472320e-01 1.527680e-01 8.158200e-01 1.841800e-01 2.028732e-01 7.971268e-01
192 6.520108e-286 2.144126e-01 7.855874e-01 8.474801e-01 1.525199e-01 8.157136e-01 1.842864e-01 2.028424e-01 7.971576e-01
193 6.522120e-286 2.145422e-01 7.854578e-01 8.477230e-01 1.522770e-01 8.156098e-01 1.843902e-01 2.028110e-01 7.971890e-01
194 6.524065e-286 2.146716e-01 7.853284e-01 8.479610e-01 1.520390e-01 8.155084e-01 1.844916e-01 2.027790e-01 7.972210e-01
195 6.525945e-286 2.148005e-01 7.851995e-01 8.481941e-01 1.518059e-01 8.154093e-01 1.845907e-01 2.027465e-01 7.972535e-01
196 6.527762e-286 2.149290e-01 7.850710e-01 8.484226e-01 1.515774e-01 8.153126e-01 1.846874e-01 2.027134e-01 7.972866e-01
197 6.529520e-286 2.150570e-01 7.849430e-01 8.486464e-01 1.513536e-01 8.152181e-01 1.847819e-01 2.026799e-01 7.973201e-01
198 6.531220e-286 2.151845e-01 7.848155e-01 8.488659e-01 1.511341e-01 8.151257e-01 1.848743e-01 2.026460e-01 7.973540e-01
199 6.532866e-286 2.153113e-01 7.846887e-01 8.490809e-01 1.509191e-01 8.150355e-01 1.849645e-01 2.026118e-01 7.973882e-01
200 6.534458e-286 2.154375e-01 7.845625e-01 8.492917e-01 1.507083e-01 8.149473e-01 1.850527e-01 2.025772e-01 7.974228e-01
201 6.535998e-286 2.155631e-01 7.844369e-01 8.494984e-01 1.505016e-01 8.148610e-01 1.851390e-01 2.025424e-01 7.974576e-01
202 6.537490e-286 2.156879e-01 7.843121e-01 8.497011e-01 1.502989e-01 8.147767e-01 1.852233e-01 2.025073e-01 7.974927e-01
203 6.538934e-286 2.158119e-01 7.841881e-01 8.498999e-01 1.501001e-01 8.146942e-01 1.853058e-01 2.024720e-01 7.975280e-01
204 6.540332e-286 2.159352e-01 7.840648e-01 8.500948e-01 1.499052e-01 8.146135e-01 1.853865e-01 2.024365e-01 7.975635e-01
205 6.541686e-286 2.160577e-01 7.839423e-01 8.502860e-01 1.497140e-01 8.145346e-01 1.854654e-01 2.024008e-01 7.975992e-01
206 6.542998e-286 2.161793e-01 7.838207e-01 8.504736e-01 1.495264e-01 8.144574e-01 1.855426e-01 2.023651e-01 7.976349e-01
207 6.544268e-286 2.163000e-01 7.837000e-01 8.506576e-01 1.493424e-01 8.143818e-01 1.856182e-01 2.023293e-01 7.976707e-01
208 6.545499e-286 2.164198e-01 7.835802e-01 8.508381e-01 1.491619e-01 8.143078e-01 1.856922e-01 2.022934e-01 7.977066e-01
209 6.546692e-286 2.165387e-01 7.834613e-01 8.510153e-01 1.489847e-01 8.142354e-01 1.857646e-01 2.022575e-01 7.977425e-01
210 6.547847e-286 2.166566e-01 7.833434e-01 8.511892e-01 1.488108e-01 8.141645e-01 1.858355e-01 2.022215e-01 7.977785e-01
211 6.548967e-286 2.167736e-01 7.832264e-01 8.513598e-01 1.486402e-01 8.140951e-01 1.859049e-01 2.021856e-01 7.978144e-01
212 6.550053e-286 2.168896e-01 7.831104e-01 8.515274e-01 1.484726e-01 8.140271e-01 1.859729e-01 2.021497e-01 7.978503e-01
213 6.551105e-286 2.170046e-01 7.829954e-01 8.516918e-01 1.483082e-01 8.139606e-01 1.860394e-01 2.021139e-01 7.978861e-01
214 6.552125e-286 2.171186e-01 7.828814e-01 8.518532e-01 1.481468e-01 8.138953e-01 1.861047e-01 2.020781e-01 7.979219e-01
215 6.553114e-286 2.172316e-01 7.827684e-01 8.520117e-01 1.479883e-01 8.138314e-01 1.861686e-01 2.020425e-01 7.979575e-01
216 6.554073e-286 2.173435e-01 7.826565e-01 8.521674e-01 1.478326e-01 8.137688e-01 1.862312e-01 2.020069e-01 7.979931e-01
217 6.555003e-286 2.174544e-01 7.825456e-01 8.523202e-01 1.476798e-01 8.137075e-01 1.862925e-01 2.019715e-01 7.980285e-01
218 6.555905e-286 2.175642e-01 7.824358e-01 8.524703e-01 1.475297e-01 8.136473e-01 1.863527e-01 2.019362e-01 7.980638e-01
219 6.556779e-286 2.176730e-01 7.823270e-01 8.526177e-01 1.473823e-01 8.135884e-01 1.864116e-01 2.019010e-01 7.980990e-01
220 6.557627e-286 2.177807e-01 7.822193e-01 8.527625e-01 1.472375e-01 8.135306e-01 1.864694e-01 2.018660e-01 7.981340e-01
221 6.558450e-286 2.178873e-01 7.821127e-01 8.529048e-01 1.470952e-01 8.134739e-01 1.865261e-01 2.018312e-01 7.981688e-01
222 6.559247e-286 2.179928e-01 7.820072e-01 8.530445e-01 1.469555e-01 8.134184e-01 1.865816e-01 2.017966e-01 7.982034e-01
223 6.560021e-286 2.180972e-01 7.819028e-01 8.531818e-01 1.468182e-01 8.133639e-01 1.866361e-01 2.017622e-01 7.982378e-01
224 6.560772e-286 2.182006e-01 7.817994e-01 8.533167e-01 1.466833e-01 8.133104e-01 1.866896e-01 2.017280e-01 7.982720e-01
225 6.561500e-286 2.183028e-01 7.816972e-01 8.534493e-01 1.465507e-01 8.132580e-01 1.867420e-01 2.016940e-01 7.983060e-01
226 6.562207e-286 2.184040e-01 7.815960e-01 8.535796e-01 1.464204e-01 8.132065e-01 1.867935e-01 2.016602e-01 7.983398e-01
227 6.562893e-286 2.185040e-01 7.814960e-01 8.537076e-01 1.462924e-01 8.131561e-01 1.868439e-01 2.016267e-01 7.983733e-01
228 6.563558e-286 2.186030e-01 7.813970e-01 8.538334e-01 1.461666e-01 8.131065e-01 1.868935e-01 2.015934e-01 7.984066e-01
229 6.564203e-286 2.187009e-01 7.812991e-01 8.539571e-01 1.460429e-01 8.130579e-01 1.869421e-01 2.015604e-01 7.984396e-01
230 6.564830e-286 2.187976e-01 7.812024e-01 8.540786e-01 1.459214e-01 8.130102e-01 1.869898e-01 2.015276e-01 7.984724e-01
231 6.565437e-286 2.188933e-01 7.811067e-01 8.541981e-01 1.458019e-01 8.129634e-01 1.870366e-01 2.014951e-01 7.985049e-01
232 6.566027e-286 2.189879e-01 7.810121e-01 8.543156e-01 1.456844e-01 8.129175e-01 1.870825e-01 2.014628e-01 7.985372e-01
233 6.566600e-286 2.190814e-01 7.809186e-01 8.544311e-01 1.455689e-01 8.128723e-01 1.871277e-01 2.014308e-01 7.985692e-01
234 6.567155e-286 2.191738e-01 7.808262e-01 8.545447e-01 1.454553e-01 8.128280e-01 1.871720e-01 2.013991e-01 7.986009e-01
235 6.567694e-286 2.192651e-01 7.807349e-01 8.546563e-01 1.453437e-01 8.127845e-01 1.872155e-01 2.013677e-01 7.986323e-01
236 6.568217e-286 2.193554e-01 7.806446e-01 8.547661e-01 1.452339e-01 8.127418e-01 1.872582e-01 2.013365e-01 7.986635e-01
237 6.568725e-286 2.194446e-01 7.805554e-01 8.548741e-01 1.451259e-01 8.126999e-01 1.873001e-01 2.013057e-01 7.986943e-01
238 6.569218e-286 2.195327e-01 7.804673e-01 8.549803e-01 1.450197e-01 8.126587e-01 1.873413e-01 2.012751e-01 7.987249e-01
239 6.569696e-286 2.196198e-01 7.803802e-01 8.550847e-01 1.449153e-01 8.126182e-01 1.873818e-01 2.012449e-01 7.987551e-01
240 6.570161e-286 2.197058e-01 7.802942e-01 8.551874e-01 1.448126e-01 8.125784e-01 1.874216e-01 2.012149e-01 7.987851e-01
241 6.570611e-286 2.197908e-01 7.802092e-01 8.552884e-01 1.447116e-01 8.125393e-01 1.874607e-01 2.011852e-01 7.988148e-01
242 6.571049e-286 2.198747e-01 7.801253e-01 8.553878e-01 1.446122e-01 8.125010e-01 1.874990e-01 2.011558e-01 7.988442e-01
243 6.571473e-286 2.199576e-01 7.800424e-01 8.554855e-01 1.445145e-01 8.124632e-01 1.875368e-01 2.011267e-01 7.988733e-01
244 6.571886e-286 2.200394e-01 7.799606e-01 8.555816e-01 1.444184e-01 8.124262e-01 1.875738e-01 2.010980e-01 7.989020e-01
245 6.572286e-286 2.201203e-01 7.798797e-01 8.556762e-01 1.443238e-01 8.123898e-01 1.876102e-01 2.010695e-01 7.989305e-01
246 6.572674e-286 2.202001e-01 7.797999e-01 8.557693e-01 1.442307e-01 8.123540e-01 1.876460e-01 2.010413e-01 7.989587e-01
247 6.573051e-286 2.202789e-01 7.797211e-01 8.558608e-01 1.441392e-01 8.123188e-01 1.876812e-01 2.010134e-01 7.989866e-01
248 6.573417e-286 2.203568e-01 7.796432e-01 8.559509e-01 1.440491e-01 8.122842e-01 1.877158e-01 2.009859e-01 7.990141e-01
249 6.573773e-286 2.204336e-01 7.795664e-01 8.560395e-01 1.439605e-01 8.122502e-01 1.877498e-01 2.009586e-01 7.990414e-01
250 6.574118e-286 2.205095e-01 7.794905e-01 8.561267e-01 1.438733e-01 8.122168e-01 1.877832e-01 2.009316e-01 7.990684e-01
251 6.574453e-286 2.205843e-01 7.794157e-01 8.562125e-01 1.437875e-01 8.121839e-01 1.878161e-01 2.009050e-01 7.990950e-01
252 6.574778e-286 2.206583e-01 7.793417e-01 8.562970e-01 1.437030e-01 8.121516e-01 1.878484e-01 2.008786e-01 7.991214e-01
253 6.575094e-286 2.207312e-01 7.792688e-01 8.563801e-01 1.436199e-01 8.121199e-01 1.878801e-01 2.008525e-01 7.991475e-01
254 6.575400e-286 2.208033e-01 7.791967e-01 8.564618e-01 1.435382e-01 8.120886e-01 1.879114e-01 2.008268e-01 7.991732e-01
255 6.575698e-286 2.208743e-01 7.791257e-01 8.565423e-01 1.434577e-01 8.120579e-01 1.879421e-01 2.008013e-01 7.991987e-01
256 6.575986e-286 2.209445e-01 7.790555e-01 8.566215e-01 1.433785e-01 8.120277e-01 1.879723e-01 2.007761e-01 7.992239e-01
257 6.576267e-286 2.210137e-01 7.789863e-01 8.566995e-01 1.433005e-01 8.119980e-01 1.880020e-01 2.007513e-01 7.992487e-01
258 6.576539e-286 2.210821e-01 7.789179e-01 8.567762e-01 1.432238e-01 8.119688e-01 1.880312e-01 2.007267e-01 7.992733e-01
259 6.576804e-286 2.211495e-01 7.788505e-01 8.568517e-01 1.431483e-01 8.119401e-01 1.880599e-01 2.007024e-01 7.992976e-01
260 6.577060e-286 2.212160e-01 7.787840e-01 8.569260e-01 1.430740e-01 8.119118e-01 1.880882e-01 2.006785e-01 7.993215e-01
261 6.577309e-286 2.212817e-01 7.787183e-01 8.569992e-01 1.430008e-01 8.118840e-01 1.881160e-01 2.006548e-01 7.993452e-01
262 6.577551e-286 2.213464e-01 7.786536e-01 8.570712e-01 1.429288e-01 8.118567e-01 1.881433e-01 2.006314e-01 7.993686e-01
263 6.577786e-286 2.214104e-01 7.785896e-01 8.571421e-01 1.428579e-01 8.118298e-01 1.881702e-01 2.006082e-01 7.993918e-01
264 6.578014e-286 2.214734e-01 7.785266e-01 8.572119e-01 1.427881e-01 8.118033e-01 1.881967e-01 2.005854e-01 7.994146e-01
265 6.578236e-286 2.215356e-01 7.784644e-01 8.572806e-01 1.427194e-01 8.117773e-01 1.882227e-01 2.005629e-01 7.994371e-01
266 6.578451e-286 2.215970e-01 7.784030e-01 8.573483e-01 1.426517e-01 8.117516e-01 1.882484e-01 2.005406e-01 7.994594e-01
267 6.578660e-286 2.216575e-01 7.783425e-01 8.574149e-01 1.425851e-01 8.117264e-01 1.882736e-01 2.005186e-01 7.994814e-01
268 6.578863e-286 2.217173e-01 7.782827e-01 8.574804e-01 1.425196e-01 8.117016e-01 1.882984e-01 2.004969e-01 7.995031e-01
269 6.579059e-286 2.217762e-01 7.782238e-01 8.575450e-01 1.424550e-01 8.116772e-01 1.883228e-01 2.004755e-01 7.995245e-01
270 6.579251e-286 2.218343e-01 7.781657e-01 8.576085e-01 1.423915e-01 8.116532e-01 1.883468e-01 2.004543e-01 7.995457e-01
271 6.579436e-286 2.218916e-01 7.781084e-01 8.576711e-01 1.423289e-01 8.116295e-01 1.883705e-01 2.004334e-01 7.995666e-01
272 6.579616e-286 2.219482e-01 7.780518e-01 8.577327e-01 1.422673e-01 8.116063e-01 1.883937e-01 2.004128e-01 7.995872e-01
273 6.579791e-286 2.220039e-01 7.779961e-01 8.577934e-01 1.422066e-01 8.115834e-01 1.884166e-01 2.003924e-01 7.996076e-01
274 6.579961e-286 2.220590e-01 7.779410e-01 8.578531e-01 1.421469e-01 8.115608e-01 1.884392e-01 2.003723e-01 7.996277e-01
275 6.580126e-286 2.221132e-01 7.778868e-01 8.579120e-01 1.420880e-01 8.115387e-01 1.884613e-01 2.003525e-01 7.996475e-01
276 6.580286e-286 2.221667e-01 7.778333e-01 8.579699e-01 1.420301e-01 8.115168e-01 1.884832e-01 2.003329e-01 7.996671e-01
277 6.580442e-286 2.222195e-01 7.777805e-01 8.580269e-01 1.419731e-01 8.114953e-01 1.885047e-01 2.003136e-01 7.996864e-01
278 6.580593e-286 2.222715e-01 7.777285e-01 8.580831e-01 1.419169e-01 8.114742e-01 1.885258e-01 2.002946e-01 7.997054e-01
279 6.580740e-286 2.223229e-01 7.776771e-01 8.581384e-01 1.418616e-01 8.114534e-01 1.885466e-01 2.002758e-01 7.997242e-01
280 6.580882e-286 2.223735e-01 7.776265e-01 8.581929e-01 1.418071e-01 8.114329e-01 1.885671e-01 2.002572e-01 7.997428e-01
281 6.581020e-286 2.224234e-01 7.775766e-01 8.582465e-01 1.417535e-01 8.114127e-01 1.885873e-01 2.002389e-01 7.997611e-01
282 6.581155e-286 2.224726e-01 7.775274e-01 8.582993e-01 1.417007e-01 8.113928e-01 1.886072e-01 2.002208e-01 7.997792e-01
283 6.581285e-286 2.225211e-01 7.774789e-01 8.583514e-01 1.416486e-01 8.113733e-01 1.886267e-01 2.002030e-01 7.997970e-01
284 6.581412e-286 2.225690e-01 7.774310e-01 8.584026e-01 1.415974e-01 8.113540e-01 1.886460e-01 2.001854e-01 7.998146e-01
285 6.581535e-286 2.226162e-01 7.773838e-01 8.584531e-01 1.415469e-01 8.113351e-01 1.886649e-01 2.001680e-01 7.998320e-01
286 6.581654e-286 2.226627e-01 7.773373e-01 8.585028e-01 1.414972e-01 8.113164e-01 1.886836e-01 2.001509e-01 7.998491e-01
287 6.581770e-286 2.227086e-01 7.772914e-01 8.585517e-01 1.414483e-01 8.112980e-01 1.887020e-01 2.001340e-01 7.998660e-01
288 6.581883e-286 2.227539e-01 7.772461e-01 8.585999e-01 1.414001e-01 8.112799e-01 1.887201e-01 2.001173e-01 7.998827e-01
289 6.581992e-286 2.227985e-01 7.772015e-01 8.586474e-01 1.413526e-01 8.112621e-01 1.887379e-01 2.001009e-01 7.998991e-01
290 6.582098e-286 2.228425e-01 7.771575e-01 8.586942e-01 1.413058e-01 8.112446e-01 1.887554e-01 2.000847e-01 7.999153e-01
291 6.582201e-286 2.228859e-01 7.771141e-01 8.587403e-01 1.412597e-01 8.112273e-01 1.887727e-01 2.000687e-01 7.999313e-01
292 6.582301e-286 2.229286e-01 7.770714e-01 8.587856e-01 1.412144e-01 8.112103e-01 1.887897e-01 2.000529e-01 7.999471e-01
293 6.582398e-286 2.229708e-01 7.770292e-01 8.588303e-01 1.411697e-01 8.111935e-01 1.888065e-01 2.000373e-01 7.999627e-01
294 6.582493e-286 2.230123e-01 7.769877e-01 8.588743e-01 1.411257e-01 8.111771e-01 1.888229e-01 2.000220e-01 7.999780e-01
295 6.582584e-286 2.230533e-01 7.769467e-01 8.589177e-01 1.410823e-01 8.111608e-01 1.888392e-01 2.000068e-01 7.999932e-01
296 6.582673e-286 2.230937e-01 7.769063e-01 8.589604e-01 1.410396e-01 8.111448e-01 1.888552e-01 1.999919e-01 8.000081e-01
297 6.582760e-286 2.231336e-01 7.768664e-01 8.590025e-01 1.409975e-01 8.111291e-01 1.888709e-01 1.999772e-01 8.000228e-01
298 6.582844e-286 2.231728e-01 7.768272e-01 8.590439e-01 1.409561e-01 8.111136e-01 1.888864e-01 1.999626e-01 8.000374e-01
299 6.582925e-286 2.232115e-01 7.767885e-01 8.590848e-01 1.409152e-01 8.110983e-01 1.889017e-01 1.999483e-01 8.000517e-01
300 6.583004e-286 2.232497e-01 7.767503e-01 8.591250e-01 1.408750e-01 8.110832e-01 1.889168e-01 1.999342e-01 8.000658e-01
301 6.583081e-286 2.232873e-01 7.767127e-01 8.591646e-01 1.408354e-01 8.110684e-01 1.889316e-01 1.999203e-01 8.000797e-01
302 6.583156e-286 2.233244e-01 7.766756e-01 8.592036e-01 1.407964e-01 8.110538e-01 1.889462e-01 1.999065e-01 8.000935e-01
303 6.583228e-286 2.233610e-01 7.766390e-01 8.592420e-01 1.407580e-01 8.110394e-01 1.889606e-01 1.998930e-01 8.001070e-01
304 6.583299e-286 2.233970e-01 7.766030e-01 8.592799e-01 1.407201e-01 8.110253e-01 1.889747e-01 1.998796e-01 8.001204e-01
305 6.583367e-286 2.234326e-01 7.765674e-01 8.593172e-01 1.406828e-01 8.110113e-01 1.889887e-01 1.998664e-01 8.001336e-01
306 6.583433e-286 2.234676e-01 7.765324e-01 8.593540e-01 1.406460e-01 8.109976e-01 1.890024e-01 1.998535e-01 8.001465e-01
307 6.583498e-286 2.235021e-01 7.764979e-01 8.593902e-01 1.406098e-01 8.109841e-01 1.890159e-01 1.998407e-01 8.001593e-01
308 6.583560e-286 2.235362e-01 7.764638e-01 8.594258e-01 1.405742e-01 8.109708e-01 1.890292e-01 1.998280e-01 8.001720e-01
309 6.583621e-286 2.235697e-01 7.764303e-01 8.594610e-01 1.405390e-01 8.109576e-01 1.890424e-01 1.998156e-01 8.001844e-01
310 6.583680e-286 2.236028e-01 7.763972e-01 8.594956e-01 1.405044e-01 8.109447e-01 1.890553e-01 1.998033e-01 8.001967e-01
311 6.583738e-286 2.236354e-01 7.763646e-01 8.595297e-01 1.404703e-01 8.109320e-01 1.890680e-01 1.997912e-01 8.002088e-01
312 6.583793e-286 2.236676e-01 7.763324e-01 8.595633e-01 1.404367e-01 8.109194e-01 1.890806e-01 1.997793e-01 8.002207e-01
313 6.583847e-286 2.236992e-01 7.763008e-01 8.595964e-01 1.404036e-01 8.109071e-01 1.890929e-01 1.997675e-01 8.002325e-01
314 6.583900e-286 2.237305e-01 7.762695e-01 8.596290e-01 1.403710e-01 8.108949e-01 1.891051e-01 1.997559e-01 8.002441e-01
315 6.583951e-286 2.237613e-01 7.762387e-01 8.596611e-01 1.403389e-01 8.108829e-01 1.891171e-01 1.997445e-01 8.002555e-01
316 6.584000e-286 2.237916e-01 7.762084e-01 8.596928e-01 1.403072e-01 8.108711e-01 1.891289e-01 1.997332e-01 8.002668e-01
317 6.584048e-286 2.238215e-01 7.761785e-01 8.597239e-01 1.402761e-01 8.108595e-01 1.891405e-01 1.997221e-01 8.002779e-01
318 6.584095e-286 2.238510e-01 7.761490e-01 8.597547e-01 1.402453e-01 8.108480e-01 1.891520e-01 1.997111e-01 8.002889e-01
319 6.584140e-286 2.238801e-01 7.761199e-01 8.597849e-01 1.402151e-01 8.108367e-01 1.891633e-01 1.997003e-01 8.002997e-01
320 6.584184e-286 2.239087e-01 7.760913e-01 8.598147e-01 1.401853e-01 8.108256e-01 1.891744e-01 1.996896e-01 8.003104e-01
321 6.584227e-286 2.239369e-01 7.760631e-01 8.598441e-01 1.401559e-01 8.108146e-01 1.891854e-01 1.996791e-01 8.003209e-01
322 6.584269e-286 2.239648e-01 7.760352e-01 8.598731e-01 1.401269e-01 8.108038e-01 1.891962e-01 1.996688e-01 8.003312e-01
323 6.584309e-286 2.239922e-01 7.760078e-01 8.599016e-01 1.400984e-01 8.107932e-01 1.892068e-01 1.996586e-01 8.003414e-01
324 6.584348e-286 2.240192e-01 7.759808e-01 8.599297e-01 1.400703e-01 8.107827e-01 1.892173e-01 1.996485e-01 8.003515e-01
325 6.584386e-286 2.240459e-01 7.759541e-01 8.599574e-01 1.400426e-01 8.107724e-01 1.892276e-01 1.996386e-01 8.003614e-01
326 6.584423e-286 2.240721e-01 7.759279e-01 8.599846e-01 1.400154e-01 8.107622e-01 1.892378e-01 1.996288e-01 8.003712e-01
327 6.584459e-286 2.240980e-01 7.759020e-01 8.600115e-01 1.399885e-01 8.107522e-01 1.892478e-01 1.996192e-01 8.003808e-01
328 6.584494e-286 2.241235e-01 7.758765e-01 8.600380e-01 1.399620e-01 8.107424e-01 1.892576e-01 1.996097e-01 8.003903e-01
329 6.584527e-286 2.241487e-01 7.758513e-01 8.600641e-01 1.399359e-01 8.107326e-01 1.892674e-01 1.996003e-01 8.003997e-01
330 6.584560e-286 2.241735e-01 7.758265e-01 8.600898e-01 1.399102e-01 8.107230e-01 1.892770e-01 1.995911e-01 8.004089e-01
331 6.584592e-286 2.241979e-01 7.758021e-01 8.601151e-01 1.398849e-01 8.107136e-01 1.892864e-01 1.995820e-01 8.004180e-01
332 6.584623e-286 2.242220e-01 7.757780e-01 8.601401e-01 1.398599e-01 8.107043e-01 1.892957e-01 1.995730e-01 8.004270e-01
333 6.584653e-286 2.242457e-01 7.757543e-01 8.601647e-01 1.398353e-01 8.106952e-01 1.893048e-01 1.995642e-01 8.004358e-01
334 6.584682e-286 2.242691e-01 7.757309e-01 8.601889e-01 1.398111e-01 8.106861e-01 1.893139e-01 1.995555e-01 8.004445e-01
335 6.584711e-286 2.242922e-01 7.757078e-01 8.602128e-01 1.397872e-01 8.106772e-01 1.893228e-01 1.995469e-01 8.004531e-01
336 6.584738e-286 2.243149e-01 7.756851e-01 8.602363e-01 1.397637e-01 8.106685e-01 1.893315e-01 1.995384e-01 8.004616e-01
337 6.584765e-286 2.243373e-01 7.756627e-01 8.602595e-01 1.397405e-01 8.106598e-01 1.893402e-01 1.995301e-01 8.004699e-01
338 6.584791e-286 2.243593e-01 7.756407e-01 8.602823e-01 1.397177e-01 8.106513e-01 1.893487e-01 1.995218e-01 8.004782e-01
339 6.584816e-286 2.243811e-01 7.756189e-01 8.603048e-01 1.396952e-01 8.106430e-01 1.893570e-01 1.995137e-01 8.004863e-01
340 6.584841e-286 2.244025e-01 7.755975e-01 8.603270e-01 1.396730e-01 8.106347e-01 1.893653e-01 1.995057e-01 8.004943e-01
341 6.584865e-286 2.244237e-01 7.755763e-01 8.603488e-01 1.396512e-01 8.106266e-01 1.893734e-01 1.994979e-01 8.005021e-01
342 6.584888e-286 2.244445e-01 7.755555e-01 8.603703e-01 1.396297e-01 8.106185e-01 1.893815e-01 1.994901e-01 8.005099e-01
343 6.584910e-286 2.244650e-01 7.755350e-01 8.603915e-01 1.396085e-01 8.106106e-01 1.893894e-01 1.994824e-01 8.005176e-01
344 6.584932e-286 2.244853e-01 7.755147e-01 8.604124e-01 1.395876e-01 8.106029e-01 1.893971e-01 1.994749e-01 8.005251e-01
345 6.584953e-286 2.245052e-01 7.754948e-01 8.604330e-01 1.395670e-01 8.105952e-01 1.894048e-01 1.994675e-01 8.005325e-01
346 6.584974e-286 2.245248e-01 7.754752e-01 8.604533e-01 1.395467e-01 8.105876e-01 1.894124e-01 1.994601e-01 8.005399e-01
347 6.584993e-286 2.245442e-01 7.754558e-01 8.604733e-01 1.395267e-01 8.105802e-01 1.894198e-01 1.994529e-01 8.005471e-01
348 6.585013e-286 2.245633e-01 7.754367e-01 8.604930e-01 1.395070e-01 8.105729e-01 1.894271e-01 1.994458e-01 8.005542e-01
349 6.585032e-286 2.245821e-01 7.754179e-01 8.605124e-01 1.394876e-01 8.105656e-01 1.894344e-01 1.994388e-01 8.005612e-01
350 6.585050e-286 2.246006e-01 7.753994e-01 8.605316e-01 1.394684e-01 8.105585e-01 1.894415e-01 1.994319e-01 8.005681e-01
351 6.585068e-286 2.246189e-01 7.753811e-01 8.605504e-01 1.394496e-01 8.105515e-01 1.894485e-01 1.994250e-01 8.005750e-01
352 6.585085e-286 2.246369e-01 7.753631e-01 8.605690e-01 1.394310e-01 8.105446e-01 1.894554e-01 1.994183e-01 8.005817e-01
353 6.585102e-286 2.246547e-01 7.753453e-01 8.605873e-01 1.394127e-01 8.105378e-01 1.894622e-01 1.994117e-01 8.005883e-01
354 6.585118e-286 2.246722e-01 7.753278e-01 8.606053e-01 1.393947e-01 8.105311e-01 1.894689e-01 1.994052e-01 8.005948e-01
355 6.585134e-286 2.246894e-01 7.753106e-01 8.606231e-01 1.393769e-01 8.105245e-01 1.894755e-01 1.993987e-01 8.006013e-01
356 6.585149e-286 2.247064e-01 7.752936e-01 8.606406e-01 1.393594e-01 8.105179e-01 1.894821e-01 1.993924e-01 8.006076e-01
357 6.585164e-286 2.247231e-01 7.752769e-01 8.606579e-01 1.393421e-01 8.105115e-01 1.894885e-01 1.993862e-01 8.006138e-01
358 6.585178e-286 2.247396e-01 7.752604e-01 8.606749e-01 1.393251e-01 8.105052e-01 1.894948e-01 1.993800e-01 8.006200e-01
359 6.585192e-286 2.247559e-01 7.752441e-01 8.606916e-01 1.393084e-01 8.104989e-01 1.895011e-01 1.993739e-01 8.006261e-01
360 6.585206e-286 2.247719e-01 7.752281e-01 8.607081e-01 1.392919e-01 8.104928e-01 1.895072e-01 1.993679e-01 8.006321e-01
361 6.585219e-286 2.247877e-01 7.752123e-01 8.607244e-01 1.392756e-01 8.104868e-01 1.895132e-01 1.993620e-01 8.006380e-01
362 6.585232e-286 2.248033e-01 7.751967e-01 8.607404e-01 1.392596e-01 8.104808e-01 1.895192e-01 1.993562e-01 8.006438e-01
363 6.585245e-286 2.248186e-01 7.751814e-01 8.607562e-01 1.392438e-01 8.104749e-01 1.895251e-01 1.993505e-01 8.006495e-01
364 6.585257e-286 2.248337e-01 7.751663e-01 8.607718e-01 1.392282e-01 8.104691e-01 1.895309e-01 1.993449e-01 8.006551e-01
365 6.585269e-286 2.248486e-01 7.751514e-01 8.607871e-01 1.392129e-01 8.104634e-01 1.895366e-01 1.993393e-01 8.006607e-01
366 6.585280e-286 2.248633e-01 7.751367e-01 8.608022e-01 1.391978e-01 8.104578e-01 1.895422e-01 1.993338e-01 8.006662e-01
367 6.585291e-286 2.248778e-01 7.751222e-01 8.608171e-01 1.391829e-01 8.104522e-01 1.895478e-01 1.993284e-01 8.006716e-01
368 6.585302e-286 2.248921e-01 7.751079e-01 8.608318e-01 1.391682e-01 8.104468e-01 1.895532e-01 1.993231e-01 8.006769e-01
369 6.585312e-286 2.249061e-01 7.750939e-01 8.608463e-01 1.391537e-01 8.104414e-01 1.895586e-01 1.993178e-01 8.006822e-01
370 6.585323e-286 2.249200e-01 7.750800e-01 8.608605e-01 1.391395e-01 8.104361e-01 1.895639e-01 1.993127e-01 8.006873e-01
371 6.585333e-286 2.249336e-01 7.750664e-01 8.608746e-01 1.391254e-01 8.104309e-01 1.895691e-01 1.993076e-01 8.006924e-01
372 6.585342e-286 2.249471e-01 7.750529e-01 8.608884e-01 1.391116e-01 8.104257e-01 1.895743e-01 1.993025e-01 8.006975e-01
373 6.585351e-286 2.249603e-01 7.750397e-01 8.609021e-01 1.390979e-01 8.104206e-01 1.895794e-01 1.992976e-01 8.007024e-01
374 6.585360e-286 2.249734e-01 7.750266e-01 8.609155e-01 1.390845e-01 8.104156e-01 1.895844e-01 1.992927e-01 8.007073e-01
375 6.585369e-286 2.249863e-01 7.750137e-01 8.609287e-01 1.390713e-01 8.104107e-01 1.895893e-01 1.992879e-01 8.007121e-01
376 6.585378e-286 2.249990e-01 7.750010e-01 8.609418e-01 1.390582e-01 8.104059e-01 1.895941e-01 1.992832e-01 8.007168e-01
377 6.585386e-286 2.250115e-01 7.749885e-01 8.609547e-01 1.390453e-01 8.104011e-01 1.895989e-01 1.992785e-01 8.007215e-01
378 6.585394e-286 2.250238e-01 7.749762e-01 8.609673e-01 1.390327e-01 8.103964e-01 1.896036e-01 1.992739e-01 8.007261e-01
379 6.585402e-286 2.250360e-01 7.749640e-01 8.609798e-01 1.390202e-01 8.103917e-01 1.896083e-01 1.992694e-01 8.007306e-01
380 6.585410e-286 2.250479e-01 7.749521e-01 8.609921e-01 1.390079e-01 8.103871e-01 1.896129e-01 1.992649e-01 8.007351e-01
381 6.585417e-286 2.250597e-01 7.749403e-01 8.610042e-01 1.389958e-01 8.103826e-01 1.896174e-01 1.992605e-01 8.007395e-01
382 6.585424e-286 2.250714e-01 7.749286e-01 8.610162e-01 1.389838e-01 8.103782e-01 1.896218e-01 1.992561e-01 8.007439e-01
383 6.585431e-286 2.250828e-01 7.749172e-01 8.610280e-01 1.389720e-01 8.103738e-01 1.896262e-01 1.992518e-01 8.007482e-01
384 6.585438e-286 2.250941e-01 7.749059e-01 8.610396e-01 1.389604e-01 8.103695e-01 1.896305e-01 1.992476e-01 8.007524e-01
385 6.585444e-286 2.251052e-01 7.748948e-01 8.610510e-01 1.389490e-01 8.103652e-01 1.896348e-01 1.992435e-01 8.007565e-01
