0 9.332636e-302 5.000000e-01 5.000000e-01 5.000000e-01 5.000000e-01 5.000000e-01 5.000000e-01 5.000000e-01 5.000000e-01
1 5.657038e-301 5.000000e-01 5.000000e-01 5.000000e-01 5.000000e-01 5.304695e-01 4.695305e-01 5.295295e-01 4.704705e-01
2 5.662046e-301 5.000001e-01 4.999999e-01 4.999990e-01 5.000010e-01 5.309386e-01 4.690614e-01 5.290595e-01 4.709405e-01
3 5.667049e-301 5.000006e-01 4.999994e-01 4.999968e-01 5.000032e-01 5.314073e-01 4.685927e-01 5.285898e-01 4.714102e-01
4 5.672048e-301 5.000016e-01 4.999984e-01 4.999931e-01 5.000069e-01 5.318756e-01 4.681244e-01 5.281206e-01 4.718794e-01
5 5.677044e-301 5.000035e-01 4.999965e-01 4.999877e-01 5.000123e-01 5.323435e-01 4.676565e-01 5.276518e-01 4.723482e-01
6 5.682035e-301 5.000063e-01 4.999937e-01 4.999804e-01 5.000196e-01 5.328110e-01 4.671890e-01 5.271834e-01 4.728166e-01
7 5.687023e-301 5.000105e-01 4.999895e-01 4.999709e-01 5.000291e-01 5.332782e-01 4.667218e-01 5.267154e-01 4.732846e-01
8 5.692009e-301 5.000161e-01 4.999839e-01 4.999591e-01 5.000409e-01 5.337449e-01 4.662551e-01 5.262478e-01 4.737522e-01
9 5.696993e-301 5.000235e-01 4.999765e-01 4.999447e-01 5.000553e-01 5.342113e-01 4.657887e-01 5.257805e-01 4.742195e-01
10 5.701975e-301 5.000328e-01 4.999672e-01 4.999275e-01 5.000725e-01 5.346774e-01 4.653226e-01 5.253136e-01 4.746864e-01
11 5.706957e-301 5.000442e-01 4.999558e-01 4.999073e-01 5.000927e-01 5.351431e-01 4.648569e-01 5.248471e-01 4.751529e-01
12 5.711941e-301 5.000581e-01 4.999419e-01 4.998838e-01 5.001162e-01 5.356086e-01 4.643914e-01 5.243808e-01 4.756192e-01
13 5.716926e-301 5.000746e-01 4.999254e-01 4.998568e-01 5.001432e-01 5.360739e-01 4.639261e-01 5.239148e-01 4.760852e-01
14 5.721916e-301 5.000939e-01 4.999061e-01 4.998260e-01 5.001740e-01 5.365390e-01 4.634610e-01 5.234490e-01 4.765510e-01
15 5.726912e-301 5.001163e-01 4.998837e-01 4.997914e-01 5.002086e-01 5.370039e-01 4.629961e-01 5.229834e-01 4.770166e-01
16 5.731915e-301 5.001421e-01 4.998579e-01 4.997525e-01 5.002475e-01 5.374687e-01 4.625313e-01 5.225179e-01 4.774821e-01
17 5.736930e-301 5.001713e-01 4.998287e-01 4.997093e-01 5.002907e-01 5.379335e-01 4.620665e-01 5.220525e-01 4.779475e-01
18 5.741957e-301 5.002043e-01 4.997957e-01 4.996615e-01 5.003385e-01 5.383984e-01 4.616016e-01 5.215871e-01 4.784129e-01
19 5.747000e-301 5.002413e-01 4.997587e-01 4.996088e-01 5.003912e-01 5.388633e-01 4.611367e-01 5.211216e-01 4.788784e-01
20 5.752063e-301 5.002825e-01 4.997175e-01 4.995511e-01 5.004489e-01 5.393285e-01 4.606715e-01 5.206559e-01 4.793441e-01
21 5.757150e-301 5.003282e-01 4.996718e-01 4.994880e-01 5.005120e-01 5.397939e-01 4.602061e-01 5.201900e-01 4.798100e-01
22 5.762263e-301 5.003785e-01 4.996215e-01 4.994194e-01 5.005806e-01 5.402598e-01 4.597402e-01 5.197238e-01 4.802762e-01
23 5.767409e-301 5.004338e-01 4.995662e-01 4.993451e-01 5.006549e-01 5.407262e-01 4.592738e-01 5.192571e-01 4.807429e-01
24 5.772591e-301 5.004942e-01 4.995058e-01 4.992647e-01 5.007353e-01 5.411932e-01 4.588068e-01 5.187898e-01 4.812102e-01
25 5.777816e-301 5.005599e-01 4.994401e-01 4.991781e-01 5.008219e-01 5.416609e-01 4.583391e-01 5.183218e-01 4.816782e-01
26 5.783089e-301 5.006313e-01 4.993687e-01 4.990850e-01 5.009150e-01 5.421296e-01 4.578704e-01 5.178529e-01 4.821471e-01
27 5.788416e-301 5.007086e-01 4.992914e-01 4.989852e-01 5.010148e-01 5.425994e-01 4.574006e-01 5.173831e-01 4.826169e-01
28 5.793805e-301 5.007920e-01 4.992080e-01 4.988784e-01 5.011216e-01 5.430704e-01 4.569296e-01 5.169120e-01 4.830880e-01
29 5.799263e-301 5.008818e-01 4.991182e-01 4.987644e-01 5.012356e-01 5.435428e-01 4.564572e-01 5.164396e-01 4.835604e-01
30 5.804799e-301 5.009783e-01 4.990217e-01 4.986429e-01 5.013571e-01 5.440169e-01 4.559831e-01 5.159656e-01 4.840344e-01
31 5.810421e-301 5.010816e-01 4.989184e-01 4.985136e-01 5.014864e-01 5.444928e-01 4.555072e-01 5.154899e-01 4.845101e-01
32 5.816139e-301 5.011921e-01 4.988079e-01 4.983763e-01 5.016237e-01 5.449707e-01 4.550293e-01 5.150122e-01 4.849878e-01
33 5.821964e-301 5.013101e-01 4.986899e-01 4.982306e-01 5.017694e-01 5.454510e-01 4.545490e-01 5.145322e-01 4.854678e-01
34 5.827908e-301 5.014358e-01 4.985642e-01 4.980764e-01 5.019236e-01 5.459339e-01 4.540661e-01 5.140497e-01 4.859503e-01
35 5.833981e-301 5.015695e-01 4.984305e-01 4.979132e-01 5.020868e-01 5.464196e-01 4.535804e-01 5.135645e-01 4.864355e-01
36 5.840199e-301 5.017116e-01 4.982884e-01 4.977409e-01 5.022591e-01 5.469084e-01 4.530916e-01 5.130762e-01 4.869238e-01
37 5.846576e-301 5.018624e-01 4.981376e-01 4.975590e-01 5.024410e-01 5.474007e-01 4.525993e-01 5.125845e-01 4.874155e-01
38 5.853128e-301 5.020221e-01 4.979779e-01 4.973672e-01 5.026328e-01 5.478969e-01 4.521031e-01 5.120891e-01 4.879109e-01
39 5.859871e-301 5.021912e-01 4.978088e-01 4.971652e-01 5.028348e-01 5.483972e-01 4.516028e-01 5.115896e-01 4.884104e-01
40 5.866826e-301 5.023699e-01 4.976301e-01 4.969526e-01 5.030474e-01 5.489020e-01 4.510980e-01 5.110857e-01 4.889143e-01
41 5.874011e-301 5.025587e-01 4.974413e-01 4.967290e-01 5.032710e-01 5.494119e-01 4.505881e-01 5.105768e-01 4.894232e-01
42 5.881451e-301 5.027580e-01 4.972420e-01 4.964941e-01 5.035059e-01 5.499272e-01 4.500728e-01 5.100627e-01 4.899373e-01
43 5.889170e-301 5.029681e-01 4.970319e-01 4.962474e-01 5.037526e-01 5.504484e-01 4.495516e-01 5.095427e-01 4.904573e-01
44 5.897194e-301 5.031895e-01 4.968105e-01 4.959885e-01 5.040115e-01 5.509760e-01 4.490240e-01 5.090165e-01 4.909835e-01
45 5.905553e-301 5.034227e-01 4.965773e-01 4.957169e-01 5.042831e-01 5.515105e-01 4.484895e-01 5.084834e-01 4.915166e-01
46 5.914279e-301 5.036681e-01 4.963319e-01 4.954322e-01 5.045678e-01 5.520526e-01 4.479474e-01 5.079429e-01 4.920571e-01
47 5.923409e-301 5.039262e-01 4.960738e-01 4.951337e-01 5.048663e-01 5.526028e-01 4.473972e-01 5.073944e-01 4.926056e-01
48 5.932981e-301 5.041977e-01 4.958023e-01 4.948210e-01 5.051790e-01 5.531619e-01 4.468381e-01 5.068372e-01 4.931628e-01
49 5.943039e-301 5.044829e-01 4.955171e-01 4.944935e-01 5.055065e-01 5.537304e-01 4.462696e-01 5.062707e-01 4.937293e-01
50 5.953631e-301 5.047827e-01 4.952173e-01 4.941505e-01 5.058495e-01 5.543093e-01 4.456907e-01 5.056939e-01 4.943061e-01
51 5.964812e-301 5.050975e-01 4.949025e-01 4.937914e-01 5.062086e-01 5.548993e-01 4.451007e-01 5.051063e-01 4.948937e-01
52 5.976639e-301 5.054282e-01 4.945718e-01 4.934154e-01 5.065846e-01 5.555013e-01 4.444987e-01 5.045068e-01 4.954932e-01
53 5.989181e-301 5.057754e-01 4.942246e-01 4.930218e-01 5.069782e-01 5.561162e-01 4.438838e-01 5.038945e-01 4.961055e-01
54 6.002511e-301 5.061400e-01 4.938600e-01 4.926098e-01 5.073902e-01 5.567450e-01 4.432550e-01 5.032685e-01 4.967315e-01
55 6.016714e-301 5.065228e-01 4.934772e-01 4.921785e-01 5.078215e-01 5.573890e-01 4.426110e-01 5.026276e-01 4.973724e-01
56 6.031882e-301 5.069248e-01 4.930752e-01 4.917269e-01 5.082731e-01 5.580491e-01 4.419509e-01 5.019707e-01 4.980293e-01
57 6.048122e-301 5.073470e-01 4.926530e-01 4.912540e-01 5.087460e-01 5.587269e-01 4.412731e-01 5.012964e-01 4.987036e-01
58 6.065554e-301 5.077905e-01 4.922095e-01 4.907587e-01 5.092413e-01 5.594235e-01 4.405765e-01 5.006034e-01 4.993966e-01
59 6.084315e-301 5.082564e-01 4.917436e-01 4.902397e-01 5.097603e-01 5.601407e-01 4.398593e-01 4.998902e-01 5.001098e-01
60 6.104559e-301 5.087460e-01 4.912540e-01 4.896959e-01 5.103041e-01 5.608799e-01 4.391201e-01 4.991552e-01 5.008448e-01
61 6.126465e-301 5.092608e-01 4.907392e-01 4.891256e-01 5.108744e-01 5.616430e-01 4.383570e-01 4.983965e-01 5.016035e-01
62 6.150237e-301 5.098023e-01 4.901977e-01 4.885274e-01 5.114726e-01 5.624320e-01 4.375680e-01 4.976123e-01 5.023877e-01
63 6.176109e-301 5.103721e-01 4.896279e-01 4.878996e-01 5.121004e-01 5.632490e-01 4.367510e-01 4.968005e-01 5.031995e-01
64 6.204356e-301 5.109721e-01 4.890279e-01 4.872402e-01 5.127598e-01 5.640964e-01 4.359036e-01 4.959586e-01 5.040414e-01
65 6.235292e-301 5.116043e-01 4.883957e-01 4.865473e-01 5.134527e-01 5.649767e-01 4.350233e-01 4.950841e-01 5.049159e-01
66 6.269288e-301 5.122710e-01 4.877290e-01 4.858185e-01 5.141815e-01 5.658928e-01 4.341072e-01 4.941742e-01 5.058258e-01
67 6.306778e-301 5.129746e-01 4.870254e-01 4.850514e-01 5.149486e-01 5.668479e-01 4.331521e-01 4.932259e-01 5.067741e-01
68 6.348275e-301 5.137178e-01 4.862822e-01 4.842432e-01 5.157568e-01 5.678453e-01 4.321547e-01 4.922356e-01 5.077644e-01
69 6.394388e-301 5.145037e-01 4.854963e-01 4.833908e-01 5.166092e-01 5.688891e-01 4.311109e-01 4.911995e-01 5.088005e-01
70 6.445844e-301 5.153356e-01 4.846644e-01 4.824908e-01 5.175092e-01 5.699835e-01 4.300165e-01 4.901135e-01 5.098865e-01
71 6.503516e-301 5.162174e-01 4.837826e-01 4.815394e-01 5.184606e-01 5.711332e-01 4.288668e-01 4.889726e-01 5.110274e-01
72 6.568463e-301 5.171533e-01 4.828467e-01 4.805322e-01 5.194678e-01 5.723438e-01 4.276562e-01 4.877717e-01 5.122283e-01
73 6.641975e-301 5.181480e-01 4.818520e-01 4.794644e-01 5.205356e-01 5.736211e-01 4.263789e-01 4.865046e-01 5.134954e-01
74 6.725642e-301 5.192070e-01 4.807930e-01 4.783307e-01 5.216693e-01 5.749722e-01 4.250278e-01 4.851648e-01 5.148352e-01
75 6.821434e-301 5.203364e-01 4.796636e-01 4.771248e-01 5.228752e-01 5.764047e-01 4.235953e-01 4.837444e-01 5.162556e-01
76 6.931824e-301 5.215432e-01 4.784568e-01 4.758398e-01 5.241602e-01 5.779274e-01 4.220726e-01 4.822349e-01 5.177651e-01
77 7.059945e-301 5.228354e-01 4.771646e-01 4.744675e-01 5.255325e-01 5.795504e-01 4.204496e-01 4.806262e-01 5.193738e-01
78 7.209815e-301 5.242221e-01 4.757779e-01 4.729989e-01 5.270011e-01 5.812851e-01 4.187149e-01 4.789070e-01 5.210930e-01
79 7.386662e-301 5.257141e-01 4.742859e-01 4.714232e-01 5.285768e-01 5.831450e-01 4.168550e-01 4.770642e-01 5.229358e-01
80 7.597379e-301 5.273236e-01 4.726764e-01 4.697283e-01 5.302717e-01 5.851453e-01 4.148547e-01 4.750825e-01 5.249175e-01
81 7.851220e-301 5.290650e-01 4.709350e-01 4.678997e-01 5.321003e-01 5.873040e-01 4.126960e-01 4.729443e-01 5.270557e-01
82 8.160840e-301 5.309554e-01 4.690446e-01 4.659206e-01 5.340794e-01 5.896420e-01 4.103580e-01 4.706287e-01 5.293713e-01
83 8.543920e-301 5.330148e-01 4.669852e-01 4.637712e-01 5.362288e-01 5.921843e-01 4.078157e-01 4.681114e-01 5.318886e-01
84 9.025789e-301 5.352671e-01 4.647329e-01 4.614277e-01 5.385723e-01 5.949599e-01 4.050401e-01 4.653633e-01 5.346367e-01
85 9.643776e-301 5.377411e-01 4.622589e-01 4.588619e-01 5.411381e-01 5.980041e-01 4.019959e-01 4.623496e-01 5.376504e-01
86 1.045476e-300 5.404717e-01 4.595283e-01 4.560396e-01 5.439604e-01 6.013590e-01 3.986410e-01 4.590288e-01 5.409712e-01
87 1.154891e-300 5.435014e-01 4.564986e-01 4.529191e-01 5.470809e-01 6.050758e-01 3.949242e-01 4.553501e-01 5.446499e-01
88 1.307595e-300 5.468828e-01 4.531172e-01 4.494493e-01 5.505507e-01 6.092168e-01 3.907832e-01 4.512516e-01 5.487484e-01
89 1.529901e-300 5.506815e-01 4.493185e-01 4.455665e-01 5.544335e-01 6.138594e-01 3.861406e-01 4.466567e-01 5.533433e-01
90 1.871353e-300 5.549801e-01 4.450199e-01 4.411911e-01 5.588089e-01 6.190993e-01 3.809007e-01 4.414701e-01 5.585299e-01
91 2.433602e-300 5.598839e-01 4.401161e-01 4.362221e-01 5.637779e-01 6.250568e-01 3.749432e-01 4.355719e-01 5.644281e-01
92 3.449187e-300 5.655290e-01 4.344710e-01 4.305301e-01 5.694699e-01 6.318843e-01 3.681157e-01 4.288100e-01 5.711900e-01
93 5.530696e-300 5.720927e-01 4.279073e-01 4.239476e-01 5.760524e-01 6.397756e-01 3.602244e-01 4.209897e-01 5.790103e-01
94 1.062566e-299 5.798091e-01 4.201909e-01 4.162561e-01 5.837439e-01 6.489782e-01 3.510218e-01 4.118607e-01 5.881393e-01
95 2.675302e-299 5.889887e-01 4.110113e-01 4.071687e-01 5.928313e-01 6.598077e-01 3.401923e-01 4.011006e-01 5.988994e-01
96 1.016817e-298 6.000441e-01 3.999559e-01 3.963110e-01 6.036890e-01 6.726592e-01 3.273408e-01 3.882986e-01 6.117014e-01
97 7.281202e-298 6.135146e-01 3.864854e-01 3.832034e-01 6.167966e-01 6.880063e-01 3.119937e-01 3.729470e-01 6.270530e-01
98 1.369730e-296 6.300707e-01 3.699293e-01 3.672672e-01 6.327328e-01 7.063554e-01 2.936446e-01 3.544666e-01 6.455334e-01
99 1.047815e-294 6.504394e-01 3.495606e-01 3.479052e-01 6.520948e-01 7.280873e-01 2.719127e-01 3.323288e-01 6.676712e-01
100 4.754284e-292 6.751191e-01 3.248809e-01 3.247671e-01 6.752329e-01 7.530682e-01 2.469318e-01 3.063931e-01 6.936069e-01
101 1.069308e-288 7.037168e-01 2.962832e-01 2.983238e-01 7.016762e-01 7.799727e-01 2.200273e-01 2.775730e-01 7.224270e-01
102 3.138416e-285 7.341021e-01 2.658979e-01 2.705630e-01 7.294370e-01 8.057463e-01 1.942537e-01 2.485547e-01 7.514453e-01
103 1.640311e-282 7.625718e-01 2.374282e-01 2.448207e-01 7.551793e-01 8.263900e-01 1.736100e-01 2.233993e-01 7.766007e-01
104 6.423224e-281 7.859897e-01 2.140103e-01 2.239423e-01 7.760577e-01 8.393287e-01 1.606713e-01 2.052407e-01 7.947593e-01
105 3.866353e-280 8.037396e-01 1.962604e-01 2.085307e-01 7.914693e-01 8.448533e-01 1.551467e-01 1.943292e-01 8.056708e-01
106 9.824209e-280 8.171199e-01 1.828801e-01 1.973896e-01 8.026104e-01 8.450544e-01 1.549456e-01 1.887854e-01 8.112146e-01
107 1.826133e-279 8.277159e-01 1.722841e-01 1.889822e-01 8.110178e-01 8.421313e-01 1.578687e-01 1.864360e-01 8.135640e-01
108 3.012408e-279 8.366238e-01 1.633762e-01 1.821950e-01 8.178050e-01 8.376511e-01 1.623489e-01 1.857230e-01 8.142770e-01
109 4.647885e-279 8.444412e-01 1.555588e-01 1.763897e-01 8.236103e-01 8.325480e-01 1.674520e-01 1.857448e-01 8.142552e-01
110 6.793005e-279 8.514584e-01 1.485416e-01 1.712403e-01 8.287597e-01 8.273306e-01 1.726694e-01 1.860396e-01 8.139604e-01
111 9.443040e-279 8.578117e-01 1.421883e-01 1.665883e-01 8.334117e-01 8.222603e-01 1.777397e-01 1.863923e-01 8.136077e-01
112 1.252565e-278 8.635698e-01 1.364302e-01 1.623559e-01 8.376441e-01 8.174653e-01 1.825347e-01 1.867144e-01 8.132856e-01
113 1.591315e-278 8.687756e-01 1.312244e-01 1.585016e-01 8.414984e-01 8.130032e-01 1.869968e-01 1.869779e-01 8.130221e-01
114 1.944627e-278 8.734643e-01 1.265357e-01 1.549981e-01 8.450019e-01 8.088949e-01 1.911051e-01 1.871818e-01 8.128182e-01
115 2.296203e-278 8.776699e-01 1.223301e-01 1.518234e-01 8.481766e-01 8.051419e-01 1.948581e-01 1.873355e-01 8.126645e-01
116 2.631775e-278 8.814272e-01 1.185728e-01 1.489563e-01 8.510437e-01 8.017346e-01 1.982654e-01 1.874510e-01 8.125490e-01
117 2.940611e-278 8.847719e-01 1.152281e-01 1.463756e-01 8.536244e-01 7.986576e-01 2.013424e-01 1.875397e-01 8.124603e-01
118 3.216032e-278 8.877398e-01 1.122602e-01 1.440600e-01 8.559400e-01 7.958918e-01 2.041082e-01 1.876108e-01 8.123892e-01
119 3.455126e-278 8.903659e-01 1.096341e-01 1.419881e-01 8.580119e-01 7.934161e-01 2.065839e-01 1.876715e-01 8.123285e-01
120 3.657995e-278 8.926840e-01 1.073160e-01 1.401389e-01 8.598611e-01 7.912085e-01 2.087915e-01 1.877270e-01 8.122730e-01
121 3.826851e-278 8.947258e-01 1.052742e-01 1.384921e-01 8.615079e-01 7.892469e-01 2.107531e-01 1.877806e-01 8.122194e-01
122 3.965152e-278 8.965209e-01 1.034791e-01 1.370285e-01 8.629715e-01 7.875092e-01 2.124908e-01 1.878344e-01 8.121656e-01
123 4.076923e-278 8.980967e-01 1.019033e-01 1.357298e-01 8.642702e-01 7.859744e-01 2.140256e-01 1.878896e-01 8.121104e-01
124 4.166255e-278 8.994780e-01 1.005220e-01 1.345792e-01 8.654208e-01 7.846222e-01 2.153778e-01 1.879466e-01 8.120534e-01
125 4.237002e-278 9.006876e-01 9.931241e-02 1.335610e-01 8.664390e-01 7.834336e-01 2.165664e-01 1.880053e-01 8.119947e-01
126 4.292610e-278 9.017456e-01 9.825438e-02 1.326611e-01 8.673389e-01 7.823910e-01 2.176090e-01 1.880654e-01 8.119346e-01
127 4.336049e-278 9.026703e-01 9.732966e-02 1.318665e-01 8.681335e-01 7.814782e-01 2.185218e-01 1.881264e-01 8.118736e-01
128 4.369809e-278 9.034780e-01 9.652205e-02 1.311654e-01 8.688346e-01 7.806803e-01 2.193197e-01 1.881877e-01 8.118123e-01
129 4.395938e-278 9.041829e-01 9.581715e-02 1.305473e-01 8.694527e-01 7.799839e-01 2.200161e-01 1.882487e-01 8.117513e-01
130 4.416092e-278 9.047978e-01 9.520222e-02 1.300026e-01 8.699974e-01 7.793768e-01 2.206232e-01 1.883088e-01 8.116912e-01
131 4.431594e-278 9.053340e-01 9.466601e-02 1.295229e-01 8.704771e-01 7.788482e-01 2.211518e-01 1.883675e-01 8.116325e-01
132 4.443492e-278 9.058014e-01 9.419862e-02 1.291006e-01 8.708994e-01 7.783884e-01 2.216116e-01 1.884245e-01 8.115755e-01
133 4.452606e-278 9.062087e-01 9.379134e-02 1.287291e-01 8.712709e-01 7.779888e-01 2.220112e-01 1.884793e-01 8.115207e-01
134 4.459578e-278 9.065635e-01 9.343654e-02 1.284022e-01 8.715978e-01 7.776418e-01 2.223582e-01 1.885318e-01 8.114682e-01
135 4.464904e-278 9.068725e-01 9.312752e-02 1.281147e-01 8.718853e-01 7.773407e-01 2.226593e-01 1.885816e-01 8.114184e-01
136 4.468970e-278 9.071416e-01 9.285842e-02 1.278620e-01 8.721380e-01 7.770796e-01 2.229204e-01 1.886287e-01 8.113713e-01
137 4.472071e-278 9.073759e-01 9.262411e-02 1.276398e-01 8.723602e-01 7.768532e-01 2.231468e-01 1.886731e-01 8.113269e-01
138 4.474435e-278 9.075799e-01 9.242012e-02 1.274445e-01 8.725555e-01 7.766570e-01 2.233430e-01 1.887146e-01 8.112854e-01
139 4.476236e-278 9.077575e-01 9.224254e-02 1.272728e-01 8.727272e-01 7.764872e-01 2.235128e-01 1.887534e-01 8.112466e-01
140 4.477608e-278 9.079120e-01 9.208797e-02 1.271220e-01 8.728780e-01 7.763401e-01 2.236599e-01 1.887894e-01 8.112106e-01
141 4.478653e-278 9.080466e-01 9.195342e-02 1.269895e-01 8.730105e-01 7.762128e-01 2.237872e-01 1.888228e-01 8.111772e-01
142 4.479449e-278 9.081637e-01 9.183630e-02 1.268731e-01 8.731269e-01 7.761026e-01 2.238974e-01 1.888536e-01 8.111464e-01
143 4.480054e-278 9.082656e-01 9.173437e-02 1.267708e-01 8.732292e-01 7.760073e-01 2.239927e-01 1.888819e-01 8.111181e-01
144 4.480515e-278 9.083544e-01 9.164564e-02 1.266810e-01 8.733190e-01 7.759249e-01 2.240751e-01 1.889080e-01 8.110920e-01
145 4.480867e-278 9.084316e-01 9.156841e-02 1.266020e-01 8.733980e-01 7.758536e-01 2.241464e-01 1.889319e-01 8.110681e-01
146 4.481134e-278 9.084988e-01 9.150119e-02 1.265327e-01 8.734673e-01 7.757920e-01 2.242080e-01 1.889537e-01 8.110463e-01
147 4.481338e-278 9.085573e-01 9.144267e-02 1.264718e-01 8.735282e-01 7.757387e-01 2.242613e-01 1.889736e-01 8.110264e-01
148 4.481493e-278 9.086083e-01 9.139174e-02 1.264183e-01 8.735817e-01 7.756926e-01 2.243074e-01 1.889918e-01 8.110082e-01
149 4.481611e-278 9.086526e-01 9.134740e-02 1.263713e-01 8.736287e-01 7.756528e-01 2.243472e-01 1.890083e-01 8.109917e-01
150 4.481701e-278 9.086912e-01 9.130879e-02 1.263301e-01 8.736699e-01 7.756184e-01 2.243816e-01 1.890233e-01 8.109767e-01
151 4.481769e-278 9.087248e-01 9.127519e-02 1.262938e-01 8.737062e-01 7.755886e-01 2.244114e-01 1.890368e-01 8.109632e-01
152 4.481822e-278 9.087541e-01 9.124593e-02 1.262620e-01 8.737380e-01 7.755629e-01 2.244371e-01 1.890491e-01 8.109509e-01
153 4.481862e-278 9.087796e-01 9.122045e-02 1.262341e-01 8.737659e-01 7.755407e-01 2.244593e-01 1.890602e-01 8.109398e-01
154 4.481892e-278 9.088017e-01 9.119826e-02 1.262095e-01 8.737905e-01 7.755215e-01 2.244785e-01 1.890703e-01 8.109297e-01
155 4.481915e-278 9.088211e-01 9.117894e-02 1.261879e-01 8.738121e-01 7.755049e-01 2.244951e-01 1.890793e-01 8.109207e-01
156 4.481933e-278 9.088379e-01 9.116212e-02 1.261690e-01 8.738310e-01 7.754906e-01 2.245094e-01 1.890874e-01 8.109126e-01
157 4.481946e-278 9.088525e-01 9.114746e-02 1.261524e-01 8.738476e-01 7.754782e-01 2.245218e-01 1.890948e-01 8.109052e-01
158 4.481957e-278 9.088653e-01 9.113470e-02 1.261377e-01 8.738623e-01 7.754675e-01 2.245325e-01 1.891014e-01 8.108986e-01
159 4.481964e-278 9.088764e-01 9.112358e-02 1.261249e-01 8.738751e-01 7.754583e-01 2.245417e-01 1.891073e-01 8.108927e-01
160 4.481970e-278 9.088861e-01 9.111390e-02 1.261136e-01 8.738864e-01 7.754503e-01 2.245497e-01 1.891126e-01 8.108874e-01
161 4.481975e-278 9.088945e-01 9.110546e-02 1.261037e-01 8.738963e-01 7.754434e-01 2.245566e-01 1.891174e-01 8.108826e-01
162 4.481979e-278 9.089019e-01 9.109811e-02 1.260950e-01 8.739050e-01 7.754374e-01 2.245626e-01 1.891216e-01 8.108784e-01
